Archive member included to satisfy reference by file (symbol)

c:/program files (x86)/atollic/truestudio for stm32 9.2.0/armtools/bin/../lib/gcc/arm-atollic-eabi/6.3.1/../../../../arm-atollic-eabi/lib/armv6-m\libc_nano.a(lib_a-errno.o)
                              Src\syscalls.o (__errno)
c:/program files (x86)/atollic/truestudio for stm32 9.2.0/armtools/bin/../lib/gcc/arm-atollic-eabi/6.3.1/../../../../arm-atollic-eabi/lib/armv6-m\libc_nano.a(lib_a-impure.o)
                              c:/program files (x86)/atollic/truestudio for stm32 9.2.0/armtools/bin/../lib/gcc/arm-atollic-eabi/6.3.1/../../../../arm-atollic-eabi/lib/armv6-m\libc_nano.a(lib_a-errno.o) (_impure_ptr)
c:/program files (x86)/atollic/truestudio for stm32 9.2.0/armtools/bin/../lib/gcc/arm-atollic-eabi/6.3.1/../../../../arm-atollic-eabi/lib/armv6-m\libc_nano.a(lib_a-init.o)
                              startup\startup_stm32l053xx.o (__libc_init_array)
c:/program files (x86)/atollic/truestudio for stm32 9.2.0/armtools/bin/../lib/gcc/arm-atollic-eabi/6.3.1/../../../../arm-atollic-eabi/lib/armv6-m\libc_nano.a(lib_a-memcpy-stub.o)
                              Src\hr.o (memcpy)
c:/program files (x86)/atollic/truestudio for stm32 9.2.0/armtools/bin/../lib/gcc/arm-atollic-eabi/6.3.1/../../../../arm-atollic-eabi/lib/armv6-m\libc_nano.a(lib_a-memset.o)
                              Drivers\STM32L0xx_HAL_Driver\Src\stm32l0xx_hal_rcc.o (memset)
c:/program files (x86)/atollic/truestudio for stm32 9.2.0/armtools/bin/../lib/gcc/arm-atollic-eabi/6.3.1/armv6-m\libgcc.a(_thumb1_case_uqi.o)
                              Drivers\STM32L0xx_HAL_Driver\Src\stm32l0xx_hal_dma.o (__gnu_thumb1_case_uqi)
c:/program files (x86)/atollic/truestudio for stm32 9.2.0/armtools/bin/../lib/gcc/arm-atollic-eabi/6.3.1/armv6-m\libgcc.a(_udivsi3.o)
                              Drivers\STM32L0xx_HAL_Driver\Src\stm32l0xx_hal.o (__aeabi_uidiv)
c:/program files (x86)/atollic/truestudio for stm32 9.2.0/armtools/bin/../lib/gcc/arm-atollic-eabi/6.3.1/armv6-m\libgcc.a(_divsi3.o)
                              Src\hr.o (__aeabi_idiv)
c:/program files (x86)/atollic/truestudio for stm32 9.2.0/armtools/bin/../lib/gcc/arm-atollic-eabi/6.3.1/armv6-m\libgcc.a(_dvmd_tls.o)
                              c:/program files (x86)/atollic/truestudio for stm32 9.2.0/armtools/bin/../lib/gcc/arm-atollic-eabi/6.3.1/armv6-m\libgcc.a(_udivsi3.o) (__aeabi_idiv0)
c:/program files (x86)/atollic/truestudio for stm32 9.2.0/armtools/bin/../lib/gcc/arm-atollic-eabi/6.3.1/armv6-m\libgcc.a(_aeabi_uldivmod.o)
                              Drivers\STM32L0xx_HAL_Driver\Src\stm32l0xx_hal_uart.o (__aeabi_uldivmod)
c:/program files (x86)/atollic/truestudio for stm32 9.2.0/armtools/bin/../lib/gcc/arm-atollic-eabi/6.3.1/armv6-m\libgcc.a(_udivmoddi4.o)
                              c:/program files (x86)/atollic/truestudio for stm32 9.2.0/armtools/bin/../lib/gcc/arm-atollic-eabi/6.3.1/armv6-m\libgcc.a(_aeabi_uldivmod.o) (__udivmoddi4)
c:/program files (x86)/atollic/truestudio for stm32 9.2.0/armtools/bin/../lib/gcc/arm-atollic-eabi/6.3.1/armv6-m\libgcc.a(_clzdi2.o)
                              c:/program files (x86)/atollic/truestudio for stm32 9.2.0/armtools/bin/../lib/gcc/arm-atollic-eabi/6.3.1/armv6-m\libgcc.a(_udivmoddi4.o) (__clzdi2)
c:/program files (x86)/atollic/truestudio for stm32 9.2.0/armtools/bin/../lib/gcc/arm-atollic-eabi/6.3.1/armv6-m\libgcc.a(_clzsi2.o)
                              c:/program files (x86)/atollic/truestudio for stm32 9.2.0/armtools/bin/../lib/gcc/arm-atollic-eabi/6.3.1/armv6-m\libgcc.a(_clzdi2.o) (__clzsi2)

Allocating common symbols
Common symbol       size              file

hi2c1               0x4c              Src\main.o
uwTick              0x4               Drivers\STM32L0xx_HAL_Driver\Src\stm32l0xx_hal.o
pFlash              0x18              Drivers\STM32L0xx_HAL_Driver\Src\stm32l0xx_hal_flash.o
huart1              0x80              Src\main.o

Discarded input sections

 .text          0x00000000        0x0 c:/program files (x86)/atollic/truestudio for stm32 9.2.0/armtools/bin/../lib/gcc/arm-atollic-eabi/6.3.1/armv6-m/crti.o
 .data          0x00000000        0x0 c:/program files (x86)/atollic/truestudio for stm32 9.2.0/armtools/bin/../lib/gcc/arm-atollic-eabi/6.3.1/armv6-m/crti.o
 .bss           0x00000000        0x0 c:/program files (x86)/atollic/truestudio for stm32 9.2.0/armtools/bin/../lib/gcc/arm-atollic-eabi/6.3.1/armv6-m/crti.o
 .data          0x00000000        0x4 c:/program files (x86)/atollic/truestudio for stm32 9.2.0/armtools/bin/../lib/gcc/arm-atollic-eabi/6.3.1/armv6-m/crtbegin.o
 .text          0x00000000        0x0 Drivers\STM32L0xx_HAL_Driver\Src\stm32l0xx_hal.o
 .data          0x00000000        0x0 Drivers\STM32L0xx_HAL_Driver\Src\stm32l0xx_hal.o
 .bss           0x00000000        0x0 Drivers\STM32L0xx_HAL_Driver\Src\stm32l0xx_hal.o
 .text.HAL_MspInit
                0x00000000        0x2 Drivers\STM32L0xx_HAL_Driver\Src\stm32l0xx_hal.o
 .text.HAL_MspDeInit
[...]
Memory Configuration

Name             Origin             Length             Attributes
RAM              0x20000000         0x00002000         xrw
FLASH            0x08000000         0x00010000         xr
*default*        0x00000000         0xffffffff

Linker script and memory map

LOAD c:/program files (x86)/atollic/truestudio for stm32 9.2.0/armtools/bin/../lib/gcc/arm-atollic-eabi/6.3.1/armv6-m/crti.o
LOAD c:/program files (x86)/atollic/truestudio for stm32 9.2.0/armtools/bin/../lib/gcc/arm-atollic-eabi/6.3.1/armv6-m/crtbegin.o
LOAD Drivers\STM32L0xx_HAL_Driver\Src\stm32l0xx_hal.o
LOAD Drivers\STM32L0xx_HAL_Driver\Src\stm32l0xx_hal_cortex.o
LOAD Drivers\STM32L0xx_HAL_Driver\Src\stm32l0xx_hal_dma.o
LOAD Drivers\STM32L0xx_HAL_Driver\Src\stm32l0xx_hal_flash.o
LOAD Drivers\STM32L0xx_HAL_Driver\Src\stm32l0xx_hal_flash_ex.o
LOAD Drivers\STM32L0xx_HAL_Driver\Src\stm32l0xx_hal_flash_ramfunc.o
LOAD Drivers\STM32L0xx_HAL_Driver\Src\stm32l0xx_hal_gpio.o
LOAD Drivers\STM32L0xx_HAL_Driver\Src\stm32l0xx_hal_i2c.o
LOAD Drivers\STM32L0xx_HAL_Driver\Src\stm32l0xx_hal_i2c_ex.o
LOAD Drivers\STM32L0xx_HAL_Driver\Src\stm32l0xx_hal_pwr.o
LOAD Drivers\STM32L0xx_HAL_Driver\Src\stm32l0xx_hal_pwr_ex.o
LOAD Drivers\STM32L0xx_HAL_Driver\Src\stm32l0xx_hal_rcc.o
LOAD Drivers\STM32L0xx_HAL_Driver\Src\stm32l0xx_hal_rcc_ex.o
LOAD Drivers\STM32L0xx_HAL_Driver\Src\stm32l0xx_hal_tim.o
LOAD Drivers\STM32L0xx_HAL_Driver\Src\stm32l0xx_hal_tim_ex.o
LOAD Drivers\STM32L0xx_HAL_Driver\Src\stm32l0xx_hal_uart.o
LOAD Drivers\STM32L0xx_HAL_Driver\Src\stm32l0xx_hal_uart_ex.o
LOAD Src\hr.o
LOAD Src\main.o
LOAD Src\stm32l0xx_hal_msp.o
LOAD Src\stm32l0xx_it.o
LOAD Src\syscalls.o
LOAD Src\system_stm32l0xx.o
LOAD startup\startup_stm32l053xx.o
                0x00000080                malloc_getpagesize_P = 0x80
START GROUP
LOAD c:/program files (x86)/atollic/truestudio for stm32 9.2.0/armtools/bin/../lib/gcc/arm-atollic-eabi/6.3.1/../../../../arm-atollic-eabi/lib/armv6-m\libc_nano.a
LOAD c:/program files (x86)/atollic/truestudio for stm32 9.2.0/armtools/bin/../lib/gcc/arm-atollic-eabi/6.3.1/../../../../arm-atollic-eabi/lib/armv6-m\libm.a
END GROUP
START GROUP
LOAD c:/program files (x86)/atollic/truestudio for stm32 9.2.0/armtools/bin/../lib/gcc/arm-atollic-eabi/6.3.1/armv6-m\libgcc.a
LOAD c:/program files (x86)/atollic/truestudio for stm32 9.2.0/armtools/bin/../lib/gcc/arm-atollic-eabi/6.3.1/../../../../arm-atollic-eabi/lib/armv6-m\libc_nano.a
END GROUP
START GROUP
LOAD c:/program files (x86)/atollic/truestudio for stm32 9.2.0/armtools/bin/../lib/gcc/arm-atollic-eabi/6.3.1/armv6-m\libgcc.a
LOAD c:/program files (x86)/atollic/truestudio for stm32 9.2.0/armtools/bin/../lib/gcc/arm-atollic-eabi/6.3.1/../../../../arm-atollic-eabi/lib/armv6-m\libc_nano.a
LOAD c:/program files (x86)/atollic/truestudio for stm32 9.2.0/armtools/bin/../lib/gcc/arm-atollic-eabi/6.3.1/../../../../arm-atollic-eabi/lib/armv6-m\libnosys.a
END GROUP
START GROUP
LOAD c:/program files (x86)/atollic/truestudio for stm32 9.2.0/armtools/bin/../lib/gcc/arm-atollic-eabi/6.3.1/armv6-m\libgcc.a
LOAD c:/program files (x86)/atollic/truestudio for stm32 9.2.0/armtools/bin/../lib/gcc/arm-atollic-eabi/6.3.1/../../../../arm-atollic-eabi/lib/armv6-m\libc_nano.a
LOAD c:/program files (x86)/atollic/truestudio for stm32 9.2.0/armtools/bin/../lib/gcc/arm-atollic-eabi/6.3.1/../../../../arm-atollic-eabi/lib/armv6-m\libnosys.a
END GROUP
LOAD c:/program files (x86)/atollic/truestudio for stm32 9.2.0/armtools/bin/../lib/gcc/arm-atollic-eabi/6.3.1/armv6-m/crtend.o
LOAD c:/program files (x86)/atollic/truestudio for stm32 9.2.0/armtools/bin/../lib/gcc/arm-atollic-eabi/6.3.1/armv6-m/crtn.o
                0x20002000                _estack = 0x20002000
                0x00000200                _Min_Heap_Size = 0x200
                0x00000400                _Min_Stack_Size = 0x400

.isr_vector     0x08000000       0xc0
                0x08000000                . = ALIGN (0x4)
 *(.isr_vector)
 .isr_vector    0x08000000       0xc0 startup\startup_stm32l053xx.o
                0x08000000                g_pfnVectors
                0x080000c0                . = ALIGN (0x4)

.text           0x080000c0     0x25d8
                0x080000c0                . = ALIGN (0x4)
 *(.text)
 .text          0x080000c0       0x48 c:/program files (x86)/atollic/truestudio for stm32 9.2.0/armtools/bin/../lib/gcc/arm-atollic-eabi/6.3.1/armv6-m/crtbegin.o
 .text          0x08000108       0x14 c:/program files (x86)/atollic/truestudio for stm32 9.2.0/armtools/bin/../lib/gcc/arm-atollic-eabi/6.3.1/armv6-m\libgcc.a(_thumb1_case_uqi.o)
                0x08000108                __gnu_thumb1_case_uqi
 .text          0x0800011c      0x114 c:/program files (x86)/atollic/truestudio for stm32 9.2.0/armtools/bin/../lib/gcc/arm-atollic-eabi/6.3.1/armv6-m\libgcc.a(_udivsi3.o)
                0x0800011c                __aeabi_uidiv
                0x0800011c                __udivsi3
                0x08000228                __aeabi_uidivmod
 .text          0x08000230      0x1d4 c:/program files (x86)/atollic/truestudio for stm32 9.2.0/armtools/bin/../lib/gcc/arm-atollic-eabi/6.3.1/armv6-m\libgcc.a(_divsi3.o)
                0x08000230                __divsi3
                0x08000230                __aeabi_idiv
                0x080003fc                __aeabi_idivmod
 .text          0x08000404        0x4 c:/program files (x86)/atollic/truestudio for stm32 9.2.0/armtools/bin/../lib/gcc/arm-atollic-eabi/6.3.1/armv6-m\libgcc.a(_dvmd_tls.o)
                0x08000404                __aeabi_idiv0
                0x08000404                __aeabi_ldiv0
 .text          0x08000408       0x40 c:/program files (x86)/atollic/truestudio for stm32 9.2.0/armtools/bin/../lib/gcc/arm-atollic-eabi/6.3.1/armv6-m\libgcc.a(_aeabi_uldivmod.o)
                0x08000408                __aeabi_uldivmod
 .text          0x08000448      0x180 c:/program files (x86)/atollic/truestudio for stm32 9.2.0/armtools/bin/../lib/gcc/arm-atollic-eabi/6.3.1/armv6-m\libgcc.a(_udivmoddi4.o)
                0x08000448                __udivmoddi4
 .text          0x080005c8       0x18 c:/program files (x86)/atollic/truestudio for stm32 9.2.0/armtools/bin/../lib/gcc/arm-atollic-eabi/6.3.1/armv6-m\libgcc.a(_clzdi2.o)
                0x080005c8                __clzdi2
 .text          0x080005e0       0x3c c:/program files (x86)/atollic/truestudio for stm32 9.2.0/armtools/bin/../lib/gcc/arm-atollic-eabi/6.3.1/armv6-m\libgcc.a(_clzsi2.o)
                0x080005e0                __clzsi2
 *(.text*)
 .text.HAL_InitTick
                0x0800061c       0x30 Drivers\STM32L0xx_HAL_Driver\Src\stm32l0xx_hal.o
                0x0800061c                HAL_InitTick
 .text.HAL_Init
                0x0800064c       0x28 Drivers\STM32L0xx_HAL_Driver\Src\stm32l0xx_hal.o
                0x0800064c                HAL_Init
 .text.HAL_IncTick
                0x08000674       0x10 Drivers\STM32L0xx_HAL_Driver\Src\stm32l0xx_hal.o
                0x08000674                HAL_IncTick
 .text.HAL_GetTick
                0x08000684        0xc Drivers\STM32L0xx_HAL_Driver\Src\stm32l0xx_hal.o
                0x08000684                HAL_GetTick
 .text.HAL_Delay
                0x08000690       0x1e Drivers\STM32L0xx_HAL_Driver\Src\stm32l0xx_hal.o
                0x08000690                HAL_Delay
 *fill*         0x080006ae        0x2 
 .text.HAL_NVIC_SetPriority
                0x080006b0       0x60 Drivers\STM32L0xx_HAL_Driver\Src\stm32l0xx_hal_cortex.o
                0x080006b0                HAL_NVIC_SetPriority
 .text.HAL_NVIC_EnableIRQ
                0x08000710       0x14 Drivers\STM32L0xx_HAL_Driver\Src\stm32l0xx_hal_cortex.o
                0x08000710                HAL_NVIC_EnableIRQ
 .text.HAL_NVIC_DisableIRQ
                0x08000724       0x14 Drivers\STM32L0xx_HAL_Driver\Src\stm32l0xx_hal_cortex.o
                0x08000724                HAL_NVIC_DisableIRQ
 .text.HAL_SYSTICK_Config
                0x08000738       0x34 Drivers\STM32L0xx_HAL_Driver\Src\stm32l0xx_hal_cortex.o
                0x08000738                HAL_SYSTICK_Config
 .text.HAL_DMA_Abort_IT
                0x0800076c       0x4a Drivers\STM32L0xx_HAL_Driver\Src\stm32l0xx_hal_dma.o
                0x0800076c                HAL_DMA_Abort_IT
 *fill*         0x080007b6        0x2 
 .text.HAL_GPIO_Init
                0x080007b8      0x16c Drivers\STM32L0xx_HAL_Driver\Src\stm32l0xx_hal_gpio.o
                0x080007b8                HAL_GPIO_Init
 .text.HAL_GPIO_WritePin
                0x08000924        0xc Drivers\STM32L0xx_HAL_Driver\Src\stm32l0xx_hal_gpio.o
                0x08000924                HAL_GPIO_WritePin
 .text.HAL_GPIO_EXTI_IRQHandler
                0x08000930       0x18 Drivers\STM32L0xx_HAL_Driver\Src\stm32l0xx_hal_gpio.o
                0x08000930                HAL_GPIO_EXTI_IRQHandler
 .text.I2C_Flush_TXDR
                0x08000948       0x1c Drivers\STM32L0xx_HAL_Driver\Src\stm32l0xx_hal_i2c.o
 .text.I2C_TransferConfig
                0x08000964       0x2c Drivers\STM32L0xx_HAL_Driver\Src\stm32l0xx_hal_i2c.o
 .text.I2C_WaitOnFlagUntilTimeout
                0x08000990       0x50 Drivers\STM32L0xx_HAL_Driver\Src\stm32l0xx_hal_i2c.o
 .text.I2C_IsAcknowledgeFailed
                0x080009e0       0x7c Drivers\STM32L0xx_HAL_Driver\Src\stm32l0xx_hal_i2c.o
 .text.I2C_WaitOnTXISFlagUntilTimeout
                0x08000a5c       0x54 Drivers\STM32L0xx_HAL_Driver\Src\stm32l0xx_hal_i2c.o
 .text.I2C_WaitOnSTOPFlagUntilTimeout
                0x08000ab0       0x50 Drivers\STM32L0xx_HAL_Driver\Src\stm32l0xx_hal_i2c.o
 .text.I2C_WaitOnRXNEFlagUntilTimeout
                0x08000b00       0x80 Drivers\STM32L0xx_HAL_Driver\Src\stm32l0xx_hal_i2c.o
 .text.HAL_I2C_Init
                0x08000b80       0xac Drivers\STM32L0xx_HAL_Driver\Src\stm32l0xx_hal_i2c.o
                0x08000b80                HAL_I2C_Init
 .text.HAL_I2C_Master_Transmit
                0x08000c2c      0x12c Drivers\STM32L0xx_HAL_Driver\Src\stm32l0xx_hal_i2c.o
                0x08000c2c                HAL_I2C_Master_Transmit
 .text.HAL_I2C_Master_Receive
                0x08000d58      0x130 Drivers\STM32L0xx_HAL_Driver\Src\stm32l0xx_hal_i2c.o
                0x08000d58                HAL_I2C_Master_Receive
 .text.HAL_I2CEx_ConfigAnalogFilter
                0x08000e88       0x4c Drivers\STM32L0xx_HAL_Driver\Src\stm32l0xx_hal_i2c_ex.o
                0x08000e88                HAL_I2CEx_ConfigAnalogFilter
 .text.HAL_I2CEx_ConfigDigitalFilter
                0x08000ed4       0x48 Drivers\STM32L0xx_HAL_Driver\Src\stm32l0xx_hal_i2c_ex.o
                0x08000ed4                HAL_I2CEx_ConfigDigitalFilter
 .text.HAL_RCC_GetSysClockFreq
                0x08000f1c       0x78 Drivers\STM32L0xx_HAL_Driver\Src\stm32l0xx_hal_rcc.o
                0x08000f1c                HAL_RCC_GetSysClockFreq
 .text.HAL_RCC_OscConfig
                0x08000f94      0x508 Drivers\STM32L0xx_HAL_Driver\Src\stm32l0xx_hal_rcc.o
                0x08000f94                HAL_RCC_OscConfig
 .text.HAL_RCC_ClockConfig
                0x0800149c      0x170 Drivers\STM32L0xx_HAL_Driver\Src\stm32l0xx_hal_rcc.o
                0x0800149c                HAL_RCC_ClockConfig
 .text.HAL_RCC_GetPCLK1Freq
                0x0800160c       0x20 Drivers\STM32L0xx_HAL_Driver\Src\stm32l0xx_hal_rcc.o
                0x0800160c                HAL_RCC_GetPCLK1Freq
 .text.HAL_RCC_GetPCLK2Freq
                0x0800162c       0x20 Drivers\STM32L0xx_HAL_Driver\Src\stm32l0xx_hal_rcc.o
                0x0800162c                HAL_RCC_GetPCLK2Freq
 .text.HAL_RCCEx_PeriphCLKConfig
                0x0800164c      0x1bc Drivers\STM32L0xx_HAL_Driver\Src\stm32l0xx_hal_rcc_ex.o
                0x0800164c                HAL_RCCEx_PeriphCLKConfig
 .text.UART_EndRxTransfer
                0x08001808       0x24 Drivers\STM32L0xx_HAL_Driver\Src\stm32l0xx_hal_uart.o
 .text.HAL_UART_TxCpltCallback
                0x0800182c        0x2 Drivers\STM32L0xx_HAL_Driver\Src\stm32l0xx_hal_uart.o
                0x0800182c                HAL_UART_TxCpltCallback
 .text.HAL_UART_ErrorCallback
                0x0800182e        0x2 Drivers\STM32L0xx_HAL_Driver\Src\stm32l0xx_hal_uart.o
                0x0800182e                HAL_UART_ErrorCallback
 .text.HAL_UART_IRQHandler
                0x08001830      0x138 Drivers\STM32L0xx_HAL_Driver\Src\stm32l0xx_hal_uart.o
                0x08001830                HAL_UART_IRQHandler
 .text.UART_DMAAbortOnError
                0x08001968       0x16 Drivers\STM32L0xx_HAL_Driver\Src\stm32l0xx_hal_uart.o
 *fill*         0x0800197e        0x2 
 .text.UART_SetConfig
                0x08001980      0x23c Drivers\STM32L0xx_HAL_Driver\Src\stm32l0xx_hal_uart.o
                0x08001980                UART_SetConfig
 .text.UART_AdvFeatureConfig
                0x08001bbc       0xd0 Drivers\STM32L0xx_HAL_Driver\Src\stm32l0xx_hal_uart.o
                0x08001bbc                UART_AdvFeatureConfig
 .text.UART_WaitOnFlagUntilTimeout
                0x08001c8c       0x5c Drivers\STM32L0xx_HAL_Driver\Src\stm32l0xx_hal_uart.o
                0x08001c8c                UART_WaitOnFlagUntilTimeout
 .text.UART_CheckIdleState
                0x08001ce8       0x60 Drivers\STM32L0xx_HAL_Driver\Src\stm32l0xx_hal_uart.o
                0x08001ce8                UART_CheckIdleState
 .text.HAL_UART_Init
                0x08001d48       0x64 Drivers\STM32L0xx_HAL_Driver\Src\stm32l0xx_hal_uart.o
                0x08001d48                HAL_UART_Init
 .text.HAL_UARTEx_WakeupCallback
                0x08001dac        0x2 Drivers\STM32L0xx_HAL_Driver\Src\stm32l0xx_hal_uart_ex.o
                0x08001dac                HAL_UARTEx_WakeupCallback
 *fill*         0x08001dae        0x2 
 .text.HR_APP_MODE
                0x08001db0       0x58 Src\hr.o
                0x08001db0                HR_APP_MODE
 .text.HR_MFIO_SET
                0x08001e08       0x40 Src\hr.o
                0x08001e08                HR_MFIO_SET
 .text.write_cmd
                0x08001e48       0x7c Src\hr.o
                0x08001e48                write_cmd
 .text.HR_INIT  0x08001ec4       0xa0 Src\hr.o
                0x08001ec4                HR_INIT
 .text.read_cmd
                0x08001f64       0x70 Src\hr.o
                0x08001f64                read_cmd
 .text.shut30101
                0x08001fd4       0x54 Src\hr.o
                0x08001fd4                shut30101
 .text.start30101
                0x08002028       0x74 Src\hr.o
                0x08002028                start30101
 .text.fill_buff
                0x0800209c       0x5c Src\hr.o
                0x0800209c                fill_buff
 .text.HR_READ  0x080020f8      0x148 Src\hr.o
                0x080020f8                HR_READ
 .text.SystemClock_Config
                0x08002240       0x7c Src\main.o
                0x08002240                SystemClock_Config
 .text.startup.main
                0x080022bc      0x150 Src\main.o
                0x080022bc                main
 .text.EXTI4_15_IRQHandler
                0x0800240c        0xc Src\main.o
                0x0800240c                EXTI4_15_IRQHandler
 .text.HAL_GPIO_EXTI_Callback
                0x08002418       0x3c Src\main.o
                0x08002418                HAL_GPIO_EXTI_Callback
 .text.HAL_MspInit
                0x08002454       0x1c Src\stm32l0xx_hal_msp.o
                0x08002454                HAL_MspInit
 .text.HAL_I2C_MspInit
                0x08002470       0x5c Src\stm32l0xx_hal_msp.o
                0x08002470                HAL_I2C_MspInit
 .text.HAL_UART_MspInit
                0x080024cc       0x6c Src\stm32l0xx_hal_msp.o
                0x080024cc                HAL_UART_MspInit
 .text.NMI_Handler
                0x08002538        0x2 Src\stm32l0xx_it.o
                0x08002538                NMI_Handler
 .text.HardFault_Handler
                0x0800253a        0x2 Src\stm32l0xx_it.o
                0x0800253a                HardFault_Handler
 .text.SVC_Handler
                0x0800253c        0x2 Src\stm32l0xx_it.o
                0x0800253c                SVC_Handler
 .text.PendSV_Handler
                0x0800253e        0x2 Src\stm32l0xx_it.o
                0x0800253e                PendSV_Handler
 .text.SysTick_Handler
                0x08002540        0x8 Src\stm32l0xx_it.o
                0x08002540                SysTick_Handler
 .text.EXTI0_1_IRQHandler
                0x08002548        0xa Src\stm32l0xx_it.o
                0x08002548                EXTI0_1_IRQHandler
 *fill*         0x08002552        0x2 
 .text.USART1_IRQHandler
                0x08002554       0x10 Src\stm32l0xx_it.o
                0x08002554                USART1_IRQHandler
 .text.SystemInit
                0x08002564       0x5c Src\system_stm32l0xx.o
                0x08002564                SystemInit
 .text.Reset_Handler
                0x080025c0       0x50 startup\startup_stm32l053xx.o
                0x080025c0                Reset_Handler
 .text.Default_Handler
                0x08002610        0x2 startup\startup_stm32l053xx.o
                0x08002610                TSC_IRQHandler
                0x08002610                ADC1_COMP_IRQHandler
                0x08002610                PVD_IRQHandler
                0x08002610                I2C1_IRQHandler
                0x08002610                RCC_CRS_IRQHandler
                0x08002610                SPI1_IRQHandler
                0x08002610                TIM6_DAC_IRQHandler
                0x08002610                EXTI2_3_IRQHandler
                0x08002610                I2C2_IRQHandler
                0x08002610                RTC_IRQHandler
                0x08002610                LCD_IRQHandler
                0x08002610                DMA1_Channel4_5_6_7_IRQHandler
                0x08002610                DMA1_Channel1_IRQHandler
                0x08002610                Default_Handler
                0x08002610                TIM22_IRQHandler
                0x08002610                USB_IRQHandler
                0x08002610                SPI2_IRQHandler
                0x08002610                TIM21_IRQHandler
                0x08002610                WWDG_IRQHandler
                0x08002610                TIM2_IRQHandler
                0x08002610                DMA1_Channel2_3_IRQHandler
                0x08002610                USART2_IRQHandler
                0x08002610                FLASH_IRQHandler
                0x08002610                RNG_LPUART1_IRQHandler
                0x08002610                LPTIM1_IRQHandler
 *fill*         0x08002612        0x2 
 .text.__libc_init_array
                0x08002614       0x48 c:/program files (x86)/atollic/truestudio for stm32 9.2.0/armtools/bin/../lib/gcc/arm-atollic-eabi/6.3.1/../../../../arm-atollic-eabi/lib/armv6-m\libc_nano.a(lib_a-init.o)
                0x08002614                __libc_init_array
 .text.memcpy   0x0800265c       0x12 c:/program files (x86)/atollic/truestudio for stm32 9.2.0/armtools/bin/../lib/gcc/arm-atollic-eabi/6.3.1/../../../../arm-atollic-eabi/lib/armv6-m\libc_nano.a(lib_a-memcpy-stub.o)
                0x0800265c                memcpy
 .text.memset   0x0800266e       0x10 c:/program files (x86)/atollic/truestudio for stm32 9.2.0/armtools/bin/../lib/gcc/arm-atollic-eabi/6.3.1/../../../../arm-atollic-eabi/lib/armv6-m\libc_nano.a(lib_a-memset.o)
                0x0800266e                memset
 *(.glue_7)
 .glue_7        0x0800267e        0x0 linker stubs
 *(.glue_7t)
 .glue_7t       0x0800267e        0x0 linker stubs
 *(.eh_frame)
 *fill*         0x0800267e        0x2 
 .eh_frame      0x08002680        0x0 c:/program files (x86)/atollic/truestudio for stm32 9.2.0/armtools/bin/../lib/gcc/arm-atollic-eabi/6.3.1/armv6-m/crtbegin.o
 *(.init)
 .init          0x08002680        0x4 c:/program files (x86)/atollic/truestudio for stm32 9.2.0/armtools/bin/../lib/gcc/arm-atollic-eabi/6.3.1/armv6-m/crti.o
                0x08002680                _init
 .init          0x08002684        0x8 c:/program files (x86)/atollic/truestudio for stm32 9.2.0/armtools/bin/../lib/gcc/arm-atollic-eabi/6.3.1/armv6-m/crtn.o
 *(.fini)
 .fini          0x0800268c        0x4 c:/program files (x86)/atollic/truestudio for stm32 9.2.0/armtools/bin/../lib/gcc/arm-atollic-eabi/6.3.1/armv6-m/crti.o
                0x0800268c                _fini
 .fini          0x08002690        0x8 c:/program files (x86)/atollic/truestudio for stm32 9.2.0/armtools/bin/../lib/gcc/arm-atollic-eabi/6.3.1/armv6-m/crtn.o
                0x08002698                . = ALIGN (0x4)
                0x08002698                _etext = .

.vfp11_veneer   0x08002698        0x0
 .vfp11_veneer  0x08002698        0x0 linker stubs

.v4_bx          0x08002698        0x0
 .v4_bx         0x08002698        0x0 linker stubs

.iplt           0x08002698        0x0
 .iplt          0x08002698        0x0 c:/program files (x86)/atollic/truestudio for stm32 9.2.0/armtools/bin/../lib/gcc/arm-atollic-eabi/6.3.1/armv6-m/crtbegin.o

.rodata         0x08002698       0x5c
                0x08002698                . = ALIGN (0x4)
 *(.rodata)
 .rodata        0x08002698       0x29 Src\hr.o
 *(.rodata*)
 .rodata.CSWTCH.55
                0x080026c1        0x4 Drivers\STM32L0xx_HAL_Driver\Src\stm32l0xx_hal_uart.o
 .rodata.CSWTCH.56
                0x080026c5        0xd Drivers\STM32L0xx_HAL_Driver\Src\stm32l0xx_hal_uart.o
 .rodata.AHBPrescTable
                0x080026d2       0x10 Src\system_stm32l0xx.o
                0x080026d2                AHBPrescTable
 .rodata.APBPrescTable
                0x080026e2        0x8 Src\system_stm32l0xx.o
                0x080026e2                APBPrescTable
 .rodata.PLLMulTable
                0x080026ea        0x9 Src\system_stm32l0xx.o
                0x080026ea                PLLMulTable
                0x080026f4                . = ALIGN (0x4)
 *fill*         0x080026f3        0x1 

.ARM.extab
 *(.ARM.extab* .gnu.linkonce.armextab.*)

.ARM            0x080026f4        0x8
                0x080026f4                __exidx_start = .
 *(.ARM.exidx*)
 .ARM.exidx     0x080026f4        0x8 c:/program files (x86)/atollic/truestudio for stm32 9.2.0/armtools/bin/../lib/gcc/arm-atollic-eabi/6.3.1/armv6-m\libgcc.a(_udivmoddi4.o)
                0x080026fc                __exidx_end = .

.rel.dyn        0x080026fc        0x0
 .rel.iplt      0x080026fc        0x0 c:/program files (x86)/atollic/truestudio for stm32 9.2.0/armtools/bin/../lib/gcc/arm-atollic-eabi/6.3.1/armv6-m/crtbegin.o

.preinit_array  0x080026fc        0x0
                0x080026fc                PROVIDE (__preinit_array_start, .)
 *(.preinit_array*)
                0x080026fc                PROVIDE (__preinit_array_end, .)

.init_array     0x080026fc        0x4
                0x080026fc                PROVIDE (__init_array_start, .)
 *(SORT(.init_array.*))
 *(.init_array*)
 .init_array    0x080026fc        0x4 c:/program files (x86)/atollic/truestudio for stm32 9.2.0/armtools/bin/../lib/gcc/arm-atollic-eabi/6.3.1/armv6-m/crtbegin.o
                0x08002700                PROVIDE (__init_array_end, .)

.fini_array     0x08002700        0x4
                [!provide]                PROVIDE (__fini_array_start, .)
 *(SORT(.fini_array.*))
 *(.fini_array*)
 .fini_array    0x08002700        0x4 c:/program files (x86)/atollic/truestudio for stm32 9.2.0/armtools/bin/../lib/gcc/arm-atollic-eabi/6.3.1/armv6-m/crtbegin.o
                [!provide]                PROVIDE (__fini_array_end, .)
                0x08002704                _sidata = LOADADDR (.data)

.data           0x20000000        0xc load address 0x08002704
                0x20000000                . = ALIGN (0x4)
                0x20000000                _sdata = .
 *(.data)
 *(.data*)
 .data.MAX_BUFF
                0x20000000        0x1 Src\hr.o
                0x20000000                MAX_BUFF
 .data.num_samp
                0x20000001        0x1 Src\hr.o
                0x20000001                num_samp
 .data.readAddr
                0x20000002        0x2 Src\hr.o
                0x20000002                readAddr
 .data.writeAddr
                0x20000004        0x2 Src\hr.o
                0x20000004                writeAddr
 *fill*         0x20000006        0x2 
 .data.SystemCoreClock
                0x20000008        0x4 Src\system_stm32l0xx.o
                0x20000008                SystemCoreClock
                0x2000000c                . = ALIGN (0x4)
                0x2000000c                _edata = .

.igot.plt       0x2000000c        0x0 load address 0x08002710
 .igot.plt      0x2000000c        0x0 c:/program files (x86)/atollic/truestudio for stm32 9.2.0/armtools/bin/../lib/gcc/arm-atollic-eabi/6.3.1/armv6-m/crtbegin.o
                0x2000000c                . = ALIGN (0x4)

.bss            0x2000000c       0xf8 load address 0x08002710
                0x2000000c                _sbss = .
                0x2000000c                __bss_start__ = _sbss
 *(.bss)
 .bss           0x2000000c       0x1c c:/program files (x86)/atollic/truestudio for stm32 9.2.0/armtools/bin/../lib/gcc/arm-atollic-eabi/6.3.1/armv6-m/crtbegin.o
 *(.bss*)
 .bss.HR_conf   0x20000028        0x1 Src\hr.o
                0x20000028                HR_conf
 .bss.alg_state
                0x20000029        0x1 Src\hr.o
                0x20000029                alg_state
 .bss.alg_status
                0x2000002a        0x1 Src\hr.o
                0x2000002a                alg_status
 *fill*         0x2000002b        0x1 
 .bss.heartrate
                0x2000002c        0x2 Src\hr.o
                0x2000002c                heartrate
 .bss.read_flag
                0x2000002e        0x1 Src\hr.o
                0x2000002e                read_flag
 *fill*         0x2000002f        0x1 
 .bss.spo2      0x20000030        0x2 Src\hr.o
                0x20000030                spo2
 *(COMMON)
 *fill*         0x20000032        0x2 
 COMMON         0x20000034        0x4 Drivers\STM32L0xx_HAL_Driver\Src\stm32l0xx_hal.o
                0x20000034                uwTick
 COMMON         0x20000038       0xcc Src\main.o
                0x20000038                hi2c1
                0x20000084                huart1
                0x20000104                . = ALIGN (0x4)
                0x20000104                _ebss = .
                0x20000104                __bss_end__ = _ebss

._user_heap_stack
                0x20000104      0x600 load address 0x08002710
                0x20000104                . = ALIGN (0x4)
                0x20000104                PROVIDE (end, .)
                [!provide]                PROVIDE (_end, .)
                0x20000304                . = (. + _Min_Heap_Size)
 *fill*         0x20000104      0x200 
                0x20000704                . = (. + _Min_Stack_Size)
 *fill*         0x20000304      0x400 
                0x20000704                . = ALIGN (0x4)

/DISCARD/
 libc.a(*)
 libm.a(*)
 libgcc.a(*)

.ARM.attributes
                0x00000000       0x28
 *(.ARM.attributes)
 .ARM.attributes
                0x00000000       0x1e c:/program files (x86)/atollic/truestudio for stm32 9.2.0/armtools/bin/../lib/gcc/arm-atollic-eabi/6.3.1/armv6-m/crti.o
 .ARM.attributes
                0x0000001e       0x2c c:/program files (x86)/atollic/truestudio for stm32 9.2.0/armtools/bin/../lib/gcc/arm-atollic-eabi/6.3.1/armv6-m/crtbegin.o
 .ARM.attributes
                0x0000004a       0x32 Drivers\STM32L0xx_HAL_Driver\Src\stm32l0xx_hal.o
 .ARM.attributes
                0x0000007c       0x32 Drivers\STM32L0xx_HAL_Driver\Src\stm32l0xx_hal_cortex.o
 .ARM.attributes
                0x000000ae       0x32 Drivers\STM32L0xx_HAL_Driver\Src\stm32l0xx_hal_dma.o
 .ARM.attributes
                0x000000e0       0x32 Drivers\STM32L0xx_HAL_Driver\Src\stm32l0xx_hal_gpio.o
 .ARM.attributes
                0x00000112       0x32 Drivers\STM32L0xx_HAL_Driver\Src\stm32l0xx_hal_i2c.o
 .ARM.attributes
                0x00000144       0x32 Drivers\STM32L0xx_HAL_Driver\Src\stm32l0xx_hal_i2c_ex.o
 .ARM.attributes
                0x00000176       0x32 Drivers\STM32L0xx_HAL_Driver\Src\stm32l0xx_hal_rcc.o
 .ARM.attributes
                0x000001a8       0x32 Drivers\STM32L0xx_HAL_Driver\Src\stm32l0xx_hal_rcc_ex.o
 .ARM.attributes
                0x000001da       0x32 Drivers\STM32L0xx_HAL_Driver\Src\stm32l0xx_hal_uart.o
 .ARM.attributes
                0x0000020c       0x32 Drivers\STM32L0xx_HAL_Driver\Src\stm32l0xx_hal_uart_ex.o
 .ARM.attributes
                0x0000023e       0x32 Src\hr.o
 .ARM.attributes
                0x00000270       0x32 Src\main.o
 .ARM.attributes
                0x000002a2       0x32 Src\stm32l0xx_hal_msp.o
 .ARM.attributes
                0x000002d4       0x32 Src\stm32l0xx_it.o
 .ARM.attributes
                0x00000306       0x32 Src\system_stm32l0xx.o
 .ARM.attributes
                0x00000338       0x22 startup\startup_stm32l053xx.o
 .ARM.attributes
                0x0000035a       0x2c c:/program files (x86)/atollic/truestudio for stm32 9.2.0/armtools/bin/../lib/gcc/arm-atollic-eabi/6.3.1/../../../../arm-atollic-eabi/lib/armv6-m\libc_nano.a(lib_a-init.o)
 .ARM.attributes
                0x00000386       0x2c c:/program files (x86)/atollic/truestudio for stm32 9.2.0/armtools/bin/../lib/gcc/arm-atollic-eabi/6.3.1/../../../../arm-atollic-eabi/lib/armv6-m\libc_nano.a(lib_a-memcpy-stub.o)
 .ARM.attributes
                0x000003b2       0x2c c:/program files (x86)/atollic/truestudio for stm32 9.2.0/armtools/bin/../lib/gcc/arm-atollic-eabi/6.3.1/../../../../arm-atollic-eabi/lib/armv6-m\libc_nano.a(lib_a-memset.o)
 .ARM.attributes
                0x000003de       0x1e c:/program files (x86)/atollic/truestudio for stm32 9.2.0/armtools/bin/../lib/gcc/arm-atollic-eabi/6.3.1/armv6-m\libgcc.a(_thumb1_case_uqi.o)
 .ARM.attributes
                0x000003fc       0x1e c:/program files (x86)/atollic/truestudio for stm32 9.2.0/armtools/bin/../lib/gcc/arm-atollic-eabi/6.3.1/armv6-m\libgcc.a(_udivsi3.o)
 .ARM.attributes
                0x0000041a       0x1e c:/program files (x86)/atollic/truestudio for stm32 9.2.0/armtools/bin/../lib/gcc/arm-atollic-eabi/6.3.1/armv6-m\libgcc.a(_divsi3.o)
 .ARM.attributes
                0x00000438       0x1e c:/program files (x86)/atollic/truestudio for stm32 9.2.0/armtools/bin/../lib/gcc/arm-atollic-eabi/6.3.1/armv6-m\libgcc.a(_dvmd_tls.o)
 .ARM.attributes
                0x00000456       0x1e c:/program files (x86)/atollic/truestudio for stm32 9.2.0/armtools/bin/../lib/gcc/arm-atollic-eabi/6.3.1/armv6-m\libgcc.a(_aeabi_uldivmod.o)
 .ARM.attributes
                0x00000474       0x2c c:/program files (x86)/atollic/truestudio for stm32 9.2.0/armtools/bin/../lib/gcc/arm-atollic-eabi/6.3.1/armv6-m\libgcc.a(_udivmoddi4.o)
 .ARM.attributes
                0x000004a0       0x1e c:/program files (x86)/atollic/truestudio for stm32 9.2.0/armtools/bin/../lib/gcc/arm-atollic-eabi/6.3.1/armv6-m\libgcc.a(_clzdi2.o)
 .ARM.attributes
                0x000004be       0x1e c:/program files (x86)/atollic/truestudio for stm32 9.2.0/armtools/bin/../lib/gcc/arm-atollic-eabi/6.3.1/armv6-m\libgcc.a(_clzsi2.o)
 .ARM.attributes
                0x000004dc       0x1e c:/program files (x86)/atollic/truestudio for stm32 9.2.0/armtools/bin/../lib/gcc/arm-atollic-eabi/6.3.1/armv6-m/crtn.o
OUTPUT(HR_Development_CodeV2.elf elf32-littlearm)

.debug_info     0x00000000     0xde1b
 .debug_info    0x00000000      0x865 Drivers\STM32L0xx_HAL_Driver\Src\stm32l0xx_hal.o
 .debug_info    0x00000865      0x9b5 Drivers\STM32L0xx_HAL_Driver\Src\stm32l0xx_hal_cortex.o
 .debug_info    0x0000121a      0x813 Drivers\STM32L0xx_HAL_Driver\Src\stm32l0xx_hal_dma.o
 .debug_info    0x00001a2d      0x6d2 Drivers\STM32L0xx_HAL_Driver\Src\stm32l0xx_hal_gpio.o
 .debug_info    0x000020ff     0x381b Drivers\STM32L0xx_HAL_Driver\Src\stm32l0xx_hal_i2c.o
 .debug_info    0x0000591a      0x8ed Drivers\STM32L0xx_HAL_Driver\Src\stm32l0xx_hal_i2c_ex.o
 .debug_info    0x00006207      0xbfe Drivers\STM32L0xx_HAL_Driver\Src\stm32l0xx_hal_rcc.o
 .debug_info    0x00006e05      0x8c0 Drivers\STM32L0xx_HAL_Driver\Src\stm32l0xx_hal_rcc_ex.o
 .debug_info    0x000076c5     0x1b5a Drivers\STM32L0xx_HAL_Driver\Src\stm32l0xx_hal_uart.o
 .debug_info    0x0000921f      0x983 Drivers\STM32L0xx_HAL_Driver\Src\stm32l0xx_hal_uart_ex.o
 .debug_info    0x00009ba2     0x15ee Src\hr.o
 .debug_info    0x0000b190     0x1389 Src\main.o
 .debug_info    0x0000c519      0xdfd Src\stm32l0xx_hal_msp.o
 .debug_info    0x0000d316      0x6e2 Src\stm32l0xx_it.o
 .debug_info    0x0000d9f8      0x398 Src\system_stm32l0xx.o
 .debug_info    0x0000dd90       0x8b startup\startup_stm32l053xx.o

.debug_abbrev   0x00000000     0x21dd
 .debug_abbrev  0x00000000      0x28c Drivers\STM32L0xx_HAL_Driver\Src\stm32l0xx_hal.o
 .debug_abbrev  0x0000028c      0x266 Drivers\STM32L0xx_HAL_Driver\Src\stm32l0xx_hal_cortex.o
 .debug_abbrev  0x000004f2      0x1fe Drivers\STM32L0xx_HAL_Driver\Src\stm32l0xx_hal_dma.o
 .debug_abbrev  0x000006f0      0x1ca Drivers\STM32L0xx_HAL_Driver\Src\stm32l0xx_hal_gpio.o
 .debug_abbrev  0x000008ba      0x334 Drivers\STM32L0xx_HAL_Driver\Src\stm32l0xx_hal_i2c.o
 .debug_abbrev  0x00000bee      0x1ba Drivers\STM32L0xx_HAL_Driver\Src\stm32l0xx_hal_i2c_ex.o
 .debug_abbrev  0x00000da8      0x2be Drivers\STM32L0xx_HAL_Driver\Src\stm32l0xx_hal_rcc.o
 .debug_abbrev  0x00001066      0x22a Drivers\STM32L0xx_HAL_Driver\Src\stm32l0xx_hal_rcc_ex.o
 .debug_abbrev  0x00001290      0x321 Drivers\STM32L0xx_HAL_Driver\Src\stm32l0xx_hal_uart.o
 .debug_abbrev  0x000015b1      0x241 Drivers\STM32L0xx_HAL_Driver\Src\stm32l0xx_hal_uart_ex.o
 .debug_abbrev  0x000017f2      0x282 Src\hr.o
 .debug_abbrev  0x00001a74      0x2ae Src\main.o
 .debug_abbrev  0x00001d22      0x1e3 Src\stm32l0xx_hal_msp.o
 .debug_abbrev  0x00001f05      0x1b8 Src\stm32l0xx_it.o
 .debug_abbrev  0x000020bd      0x10e Src\system_stm32l0xx.o
 .debug_abbrev  0x000021cb       0x12 startup\startup_stm32l053xx.o

.debug_loc      0x00000000     0x72d4
 .debug_loc     0x00000000      0x13d Drivers\STM32L0xx_HAL_Driver\Src\stm32l0xx_hal.o
 .debug_loc     0x0000013d      0x3ed Drivers\STM32L0xx_HAL_Driver\Src\stm32l0xx_hal_cortex.o
 .debug_loc     0x0000052a      0x79c Drivers\STM32L0xx_HAL_Driver\Src\stm32l0xx_hal_dma.o
 .debug_loc     0x00000cc6      0x2ea Drivers\STM32L0xx_HAL_Driver\Src\stm32l0xx_hal_gpio.o
 .debug_loc     0x00000fb0     0x3a3a Drivers\STM32L0xx_HAL_Driver\Src\stm32l0xx_hal_i2c.o
 .debug_loc     0x000049ea      0x1bc Drivers\STM32L0xx_HAL_Driver\Src\stm32l0xx_hal_i2c_ex.o
 .debug_loc     0x00004ba6      0x561 Drivers\STM32L0xx_HAL_Driver\Src\stm32l0xx_hal_rcc.o
 .debug_loc     0x00005107      0x5da Drivers\STM32L0xx_HAL_Driver\Src\stm32l0xx_hal_rcc_ex.o
 .debug_loc     0x000056e1     0x14e6 Drivers\STM32L0xx_HAL_Driver\Src\stm32l0xx_hal_uart.o
 .debug_loc     0x00006bc7      0x320 Drivers\STM32L0xx_HAL_Driver\Src\stm32l0xx_hal_uart_ex.o
 .debug_loc     0x00006ee7      0x181 Src\hr.o
 .debug_loc     0x00007068       0x77 Src\main.o
 .debug_loc     0x000070df       0x9a Src\stm32l0xx_hal_msp.o
 .debug_loc     0x00007179      0x15b Src\system_stm32l0xx.o

.debug_aranges  0x00000000      0x978
 .debug_aranges
                0x00000000       0xf0 Drivers\STM32L0xx_HAL_Driver\Src\stm32l0xx_hal.o
 .debug_aranges
                0x000000f0       0x90 Drivers\STM32L0xx_HAL_Driver\Src\stm32l0xx_hal_cortex.o
 .debug_aranges
                0x00000180       0x78 Drivers\STM32L0xx_HAL_Driver\Src\stm32l0xx_hal_dma.o
 .debug_aranges
                0x000001f8       0x58 Drivers\STM32L0xx_HAL_Driver\Src\stm32l0xx_hal_gpio.o
 .debug_aranges
                0x00000250      0x238 Drivers\STM32L0xx_HAL_Driver\Src\stm32l0xx_hal_i2c.o
 .debug_aranges
                0x00000488       0x48 Drivers\STM32L0xx_HAL_Driver\Src\stm32l0xx_hal_i2c_ex.o
 .debug_aranges
                0x000004d0       0x80 Drivers\STM32L0xx_HAL_Driver\Src\stm32l0xx_hal_rcc.o
 .debug_aranges
                0x00000550       0x98 Drivers\STM32L0xx_HAL_Driver\Src\stm32l0xx_hal_rcc_ex.o
 .debug_aranges
                0x000005e8      0x1a0 Drivers\STM32L0xx_HAL_Driver\Src\stm32l0xx_hal_uart.o
 .debug_aranges
                0x00000788       0x58 Drivers\STM32L0xx_HAL_Driver\Src\stm32l0xx_hal_uart_ex.o
 .debug_aranges
                0x000007e0       0x88 Src\hr.o
 .debug_aranges
                0x00000868       0x40 Src\main.o
 .debug_aranges
                0x000008a8       0x40 Src\stm32l0xx_hal_msp.o
 .debug_aranges
                0x000008e8       0x40 Src\stm32l0xx_it.o
 .debug_aranges
                0x00000928       0x28 Src\system_stm32l0xx.o
 .debug_aranges
                0x00000950       0x28 startup\startup_stm32l053xx.o

.debug_ranges   0x00000000      0xb08
 .debug_ranges  0x00000000       0xe0 Drivers\STM32L0xx_HAL_Driver\Src\stm32l0xx_hal.o
 .debug_ranges  0x000000e0      0x138 Drivers\STM32L0xx_HAL_Driver\Src\stm32l0xx_hal_cortex.o
 .debug_ranges  0x00000218       0xa8 Drivers\STM32L0xx_HAL_Driver\Src\stm32l0xx_hal_dma.o
 .debug_ranges  0x000002c0       0x48 Drivers\STM32L0xx_HAL_Driver\Src\stm32l0xx_hal_gpio.o
 .debug_ranges  0x00000308      0x288 Drivers\STM32L0xx_HAL_Driver\Src\stm32l0xx_hal_i2c.o
 .debug_ranges  0x00000590       0x38 Drivers\STM32L0xx_HAL_Driver\Src\stm32l0xx_hal_i2c_ex.o
 .debug_ranges  0x000005c8       0xb8 Drivers\STM32L0xx_HAL_Driver\Src\stm32l0xx_hal_rcc.o
 .debug_ranges  0x00000680       0xa8 Drivers\STM32L0xx_HAL_Driver\Src\stm32l0xx_hal_rcc_ex.o
 .debug_ranges  0x00000728      0x190 Drivers\STM32L0xx_HAL_Driver\Src\stm32l0xx_hal_uart.o
 .debug_ranges  0x000008b8       0x48 Drivers\STM32L0xx_HAL_Driver\Src\stm32l0xx_hal_uart_ex.o
 .debug_ranges  0x00000900       0x90 Src\hr.o
 .debug_ranges  0x00000990       0xa8 Src\main.o
 .debug_ranges  0x00000a38       0x68 Src\stm32l0xx_hal_msp.o
 .debug_ranges  0x00000aa0       0x30 Src\stm32l0xx_it.o
 .debug_ranges  0x00000ad0       0x18 Src\system_stm32l0xx.o
 .debug_ranges  0x00000ae8       0x20 startup\startup_stm32l053xx.o

.debug_line     0x00000000     0x5b00
 .debug_line    0x00000000      0x45d Drivers\STM32L0xx_HAL_Driver\Src\stm32l0xx_hal.o
 .debug_line    0x0000045d      0x43a Drivers\STM32L0xx_HAL_Driver\Src\stm32l0xx_hal_cortex.o
 .debug_line    0x00000897      0x4a0 Drivers\STM32L0xx_HAL_Driver\Src\stm32l0xx_hal_dma.o
 .debug_line    0x00000d37      0x3b8 Drivers\STM32L0xx_HAL_Driver\Src\stm32l0xx_hal_gpio.o
 .debug_line    0x000010ef     0x19f6 Drivers\STM32L0xx_HAL_Driver\Src\stm32l0xx_hal_i2c.o
 .debug_line    0x00002ae5      0x37a Drivers\STM32L0xx_HAL_Driver\Src\stm32l0xx_hal_i2c_ex.o
 .debug_line    0x00002e5f      0x595 Drivers\STM32L0xx_HAL_Driver\Src\stm32l0xx_hal_rcc.o
 .debug_line    0x000033f4      0x55a Drivers\STM32L0xx_HAL_Driver\Src\stm32l0xx_hal_rcc_ex.o
 .debug_line    0x0000394e      0xe48 Drivers\STM32L0xx_HAL_Driver\Src\stm32l0xx_hal_uart.o
 .debug_line    0x00004796      0x38b Drivers\STM32L0xx_HAL_Driver\Src\stm32l0xx_hal_uart_ex.o
 .debug_line    0x00004b21      0x48c Src\hr.o
 .debug_line    0x00004fad      0x36f Src\main.o
 .debug_line    0x0000531c      0x2d7 Src\stm32l0xx_hal_msp.o
 .debug_line    0x000055f3      0x25b Src\stm32l0xx_it.o
 .debug_line    0x0000584e      0x22f Src\system_stm32l0xx.o
 .debug_line    0x00005a7d       0x83 startup\startup_stm32l053xx.o

.debug_str      0x00000000     0x30de
 .debug_str     0x00000000      0x797 Drivers\STM32L0xx_HAL_Driver\Src\stm32l0xx_hal.o
                                0x7e9 (size before relaxing)
 .debug_str     0x00000797      0x2e8 Drivers\STM32L0xx_HAL_Driver\Src\stm32l0xx_hal_cortex.o
                                0x76c (size before relaxing)
 .debug_str     0x00000a7f      0x40e Drivers\STM32L0xx_HAL_Driver\Src\stm32l0xx_hal_dma.o
                                0x6a3 (size before relaxing)
 .debug_str     0x00000e8d      0x1a4 Drivers\STM32L0xx_HAL_Driver\Src\stm32l0xx_hal_gpio.o
                                0x4bd (size before relaxing)
 .debug_str     0x00001031      0xadb Drivers\STM32L0xx_HAL_Driver\Src\stm32l0xx_hal_i2c.o
                                0xf8b (size before relaxing)
 .debug_str     0x00001b0c       0xfa Drivers\STM32L0xx_HAL_Driver\Src\stm32l0xx_hal_i2c_ex.o
                                0x895 (size before relaxing)
 .debug_str     0x00001c06      0x323 Drivers\STM32L0xx_HAL_Driver\Src\stm32l0xx_hal_rcc.o
                                0x715 (size before relaxing)
 .debug_str     0x00001f29      0x43a Drivers\STM32L0xx_HAL_Driver\Src\stm32l0xx_hal_rcc_ex.o
                                0x801 (size before relaxing)
 .debug_str     0x00002363      0x8a4 Drivers\STM32L0xx_HAL_Driver\Src\stm32l0xx_hal_uart.o
                                0xe69 (size before relaxing)
 .debug_str     0x00002c07      0x185 Drivers\STM32L0xx_HAL_Driver\Src\stm32l0xx_hal_uart_ex.o
                                0x837 (size before relaxing)
 .debug_str     0x00002d8c      0x1da Src\hr.o
                                0xb37 (size before relaxing)
 .debug_str     0x00002f66       0x8b Src\main.o
                                0xfa5 (size before relaxing)
 .debug_str     0x00002ff1       0x1b Src\stm32l0xx_hal_msp.o
                                0xbf7 (size before relaxing)
 .debug_str     0x0000300c       0x84 Src\stm32l0xx_it.o
                                0x67f (size before relaxing)
 .debug_str     0x00003090       0x4e Src\system_stm32l0xx.o
                                0x30f (size before relaxing)

.comment        0x00000000       0x7c
 .comment       0x00000000       0x7c Drivers\STM32L0xx_HAL_Driver\Src\stm32l0xx_hal.o
                                 0x7d (size before relaxing)
 .comment       0x0000007c       0x7d Drivers\STM32L0xx_HAL_Driver\Src\stm32l0xx_hal_cortex.o
 .comment       0x0000007c       0x7d Drivers\STM32L0xx_HAL_Driver\Src\stm32l0xx_hal_dma.o
 .comment       0x0000007c       0x7d Drivers\STM32L0xx_HAL_Driver\Src\stm32l0xx_hal_gpio.o
 .comment       0x0000007c       0x7d Drivers\STM32L0xx_HAL_Driver\Src\stm32l0xx_hal_i2c.o
 .comment       0x0000007c       0x7d Drivers\STM32L0xx_HAL_Driver\Src\stm32l0xx_hal_i2c_ex.o
 .comment       0x0000007c       0x7d Drivers\STM32L0xx_HAL_Driver\Src\stm32l0xx_hal_rcc.o
 .comment       0x0000007c       0x7d Drivers\STM32L0xx_HAL_Driver\Src\stm32l0xx_hal_rcc_ex.o
 .comment       0x0000007c       0x7d Drivers\STM32L0xx_HAL_Driver\Src\stm32l0xx_hal_uart.o
 .comment       0x0000007c       0x7d Drivers\STM32L0xx_HAL_Driver\Src\stm32l0xx_hal_uart_ex.o
 .comment       0x0000007c       0x7d Src\hr.o
 .comment       0x0000007c       0x7d Src\main.o
 .comment       0x0000007c       0x7d Src\stm32l0xx_hal_msp.o
 .comment       0x0000007c       0x7d Src\stm32l0xx_it.o
 .comment       0x0000007c       0x7d Src\system_stm32l0xx.o

.debug_frame    0x00000000     0x1bf0
 .debug_frame   0x00000000      0x1f8 Drivers\STM32L0xx_HAL_Driver\Src\stm32l0xx_hal.o
 .debug_frame   0x000001f8      0x11c Drivers\STM32L0xx_HAL_Driver\Src\stm32l0xx_hal_cortex.o
 .debug_frame   0x00000314      0x164 Drivers\STM32L0xx_HAL_Driver\Src\stm32l0xx_hal_dma.o
 .debug_frame   0x00000478       0xbc Drivers\STM32L0xx_HAL_Driver\Src\stm32l0xx_hal_gpio.o
 .debug_frame   0x00000534      0x85c Drivers\STM32L0xx_HAL_Driver\Src\stm32l0xx_hal_i2c.o
 .debug_frame   0x00000d90       0xa8 Drivers\STM32L0xx_HAL_Driver\Src\stm32l0xx_hal_i2c_ex.o
 .debug_frame   0x00000e38      0x148 Drivers\STM32L0xx_HAL_Driver\Src\stm32l0xx_hal_rcc.o
 .debug_frame   0x00000f80      0x18c Drivers\STM32L0xx_HAL_Driver\Src\stm32l0xx_hal_rcc_ex.o
 .debug_frame   0x0000110c      0x574 Drivers\STM32L0xx_HAL_Driver\Src\stm32l0xx_hal_uart.o
 .debug_frame   0x00001680       0xc0 Drivers\STM32L0xx_HAL_Driver\Src\stm32l0xx_hal_uart_ex.o
 .debug_frame   0x00001740      0x1d0 Src\hr.o
 .debug_frame   0x00001910       0x94 Src\main.o
 .debug_frame   0x000019a4       0x88 Src\stm32l0xx_hal_msp.o
 .debug_frame   0x00001a2c       0x98 Src\stm32l0xx_it.o
 .debug_frame   0x00001ac4       0x3c Src\system_stm32l0xx.o
 .debug_frame   0x00001b00       0x2c c:/program files (x86)/atollic/truestudio for stm32 9.2.0/armtools/bin/../lib/gcc/arm-atollic-eabi/6.3.1/../../../../arm-atollic-eabi/lib/armv6-m\libc_nano.a(lib_a-init.o)
 .debug_frame   0x00001b2c       0x28 c:/program files (x86)/atollic/truestudio for stm32 9.2.0/armtools/bin/../lib/gcc/arm-atollic-eabi/6.3.1/../../../../arm-atollic-eabi/lib/armv6-m\libc_nano.a(lib_a-memcpy-stub.o)
 .debug_frame   0x00001b54       0x20 c:/program files (x86)/atollic/truestudio for stm32 9.2.0/armtools/bin/../lib/gcc/arm-atollic-eabi/6.3.1/../../../../arm-atollic-eabi/lib/armv6-m\libc_nano.a(lib_a-memset.o)
 .debug_frame   0x00001b74       0x20 c:/program files (x86)/atollic/truestudio for stm32 9.2.0/armtools/bin/../lib/gcc/arm-atollic-eabi/6.3.1/armv6-m\libgcc.a(_udivsi3.o)
 .debug_frame   0x00001b94       0x20 c:/program files (x86)/atollic/truestudio for stm32 9.2.0/armtools/bin/../lib/gcc/arm-atollic-eabi/6.3.1/armv6-m\libgcc.a(_divsi3.o)
 .debug_frame   0x00001bb4       0x3c c:/program files (x86)/atollic/truestudio for stm32 9.2.0/armtools/bin/../lib/gcc/arm-atollic-eabi/6.3.1/armv6-m\libgcc.a(_udivmoddi4.o)
