Archive member included to satisfy reference by file (symbol)

c:/program files (x86)/atollic/truestudio for stm32 9.2.0/armtools/bin/../lib/gcc/arm-atollic-eabi/6.3.1/../../../../arm-atollic-eabi/lib/armv6-m\libc_nano.a(lib_a-errno.o)
                              Src\syscalls.o (__errno)
c:/program files (x86)/atollic/truestudio for stm32 9.2.0/armtools/bin/../lib/gcc/arm-atollic-eabi/6.3.1/../../../../arm-atollic-eabi/lib/armv6-m\libc_nano.a(lib_a-impure.o)
                              c:/program files (x86)/atollic/truestudio for stm32 9.2.0/armtools/bin/../lib/gcc/arm-atollic-eabi/6.3.1/../../../../arm-atollic-eabi/lib/armv6-m\libc_nano.a(lib_a-errno.o) (_impure_ptr)
c:/program files (x86)/atollic/truestudio for stm32 9.2.0/armtools/bin/../lib/gcc/arm-atollic-eabi/6.3.1/../../../../arm-atollic-eabi/lib/armv6-m\libc_nano.a(lib_a-init.o)
                              startup\startup_stm32l053xx.o (__libc_init_array)
c:/program files (x86)/atollic/truestudio for stm32 9.2.0/armtools/bin/../lib/gcc/arm-atollic-eabi/6.3.1/../../../../arm-atollic-eabi/lib/armv6-m\libc_nano.a(lib_a-memcpy-stub.o)
                              Src\hr.o (memcpy)
c:/program files (x86)/atollic/truestudio for stm32 9.2.0/armtools/bin/../lib/gcc/arm-atollic-eabi/6.3.1/../../../../arm-atollic-eabi/lib/armv6-m\libc_nano.a(lib_a-memset.o)
                              Drivers\STM32L0xx_HAL_Driver\Src\stm32l0xx_hal_rcc.o (memset)
c:/program files (x86)/atollic/truestudio for stm32 9.2.0/armtools/bin/../lib/gcc/arm-atollic-eabi/6.3.1/armv6-m\libgcc.a(_thumb1_case_uqi.o)
                              Drivers\STM32L0xx_HAL_Driver\Src\stm32l0xx_hal_dma.o (__gnu_thumb1_case_uqi)
c:/program files (x86)/atollic/truestudio for stm32 9.2.0/armtools/bin/../lib/gcc/arm-atollic-eabi/6.3.1/armv6-m\libgcc.a(_udivsi3.o)
                              Drivers\STM32L0xx_HAL_Driver\Src\stm32l0xx_hal.o (__aeabi_uidiv)
c:/program files (x86)/atollic/truestudio for stm32 9.2.0/armtools/bin/../lib/gcc/arm-atollic-eabi/6.3.1/armv6-m\libgcc.a(_divsi3.o)
                              Src\hr.o (__aeabi_idiv)
c:/program files (x86)/atollic/truestudio for stm32 9.2.0/armtools/bin/../lib/gcc/arm-atollic-eabi/6.3.1/armv6-m\libgcc.a(_dvmd_tls.o)
                              c:/program files (x86)/atollic/truestudio for stm32 9.2.0/armtools/bin/../lib/gcc/arm-atollic-eabi/6.3.1/armv6-m\libgcc.a(_udivsi3.o) (__aeabi_idiv0)

Allocating common symbols
Common symbol       size              file

hi2c1               0x4c              Src\main.o
uwTick              0x4               Drivers\STM32L0xx_HAL_Driver\Src\stm32l0xx_hal.o
pFlash              0x18              Drivers\STM32L0xx_HAL_Driver\Src\stm32l0xx_hal_flash.o

Discarded input sections

 .text          0x00000000        0x0 c:/program files (x86)/atollic/truestudio for stm32 9.2.0/armtools/bin/../lib/gcc/arm-atollic-eabi/6.3.1/armv6-m/crti.o
 .data          0x00000000        0x0 c:/program files (x86)/atollic/truestudio for stm32 9.2.0/armtools/bin/../lib/gcc/arm-atollic-eabi/6.3.1/armv6-m/crti.o
 .bss           0x00000000        0x0 c:/program files (x86)/atollic/truestudio for stm32 9.2.0/armtools/bin/../lib/gcc/arm-atollic-eabi/6.3.1/armv6-m/crti.o
 .data          0x00000000        0x4 c:/program files (x86)/atollic/truestudio for stm32 9.2.0/armtools/bin/../lib/gcc/arm-atollic-eabi/6.3.1/armv6-m/crtbegin.o
 .text          0x00000000        0x0 Drivers\STM32L0xx_HAL_Driver\Src\stm32l0xx_hal.o
 .data          0x00000000        0x0 Drivers\STM32L0xx_HAL_Driver\Src\stm32l0xx_hal.o
 .bss           0x00000000        0x0 Drivers\STM32L0xx_HAL_Driver\Src\stm32l0xx_hal.o
 .text.HAL_MspInit
                0x00000000        0x2 Drivers\STM32L0xx_HAL_Driver\Src\stm32l0xx_hal.o
 .text.HAL_MspDeInit
                0x00000000        0x2 Drivers\STM32L0xx_HAL_Driver\Src\stm32l0xx_hal.o
 .text.HAL_DeInit
                0x00000000       0x28 Drivers\STM32L0xx_HAL_Driver\Src\stm32l0xx_hal.o
 .text.HAL_SuspendTick
                0x00000000       0x10 Drivers\STM32L0xx_HAL_Driver\Src\stm32l0xx_hal.o
 .text.HAL_ResumeTick
                0x00000000       0x10 Drivers\STM32L0xx_HAL_Driver\Src\stm32l0xx_hal.o
 .text.HAL_GetHalVersion
                0x00000000        0x8 Drivers\STM32L0xx_HAL_Driver\Src\stm32l0xx_hal.o
 .text.HAL_GetREVID
                0x00000000        0xc Drivers\STM32L0xx_HAL_Driver\Src\stm32l0xx_hal.o
 .text.HAL_GetDEVID
                0x00000000       0x10 Drivers\STM32L0xx_HAL_Driver\Src\stm32l0xx_hal.o
 .text.HAL_GetUIDw0
                0x00000000        0xc Drivers\STM32L0xx_HAL_Driver\Src\stm32l0xx_hal.o
 .text.HAL_GetUIDw1
                0x00000000        0xc Drivers\STM32L0xx_HAL_Driver\Src\stm32l0xx_hal.o
 .text.HAL_GetUIDw2
                0x00000000        0xc Drivers\STM32L0xx_HAL_Driver\Src\stm32l0xx_hal.o
 .text.HAL_DBGMCU_EnableDBGSleepMode
                0x00000000       0x10 Drivers\STM32L0xx_HAL_Driver\Src\stm32l0xx_hal.o
 .text.HAL_DBGMCU_DisableDBGSleepMode
                0x00000000       0x10 Drivers\STM32L0xx_HAL_Driver\Src\stm32l0xx_hal.o
 .text.HAL_DBGMCU_EnableDBGStopMode
                0x00000000       0x10 Drivers\STM32L0xx_HAL_Driver\Src\stm32l0xx_hal.o
 .text.HAL_DBGMCU_DisableDBGStopMode
                0x00000000       0x10 Drivers\STM32L0xx_HAL_Driver\Src\stm32l0xx_hal.o
 .text.HAL_DBGMCU_EnableDBGStandbyMode
                0x00000000       0x10 Drivers\STM32L0xx_HAL_Driver\Src\stm32l0xx_hal.o
 .text.HAL_DBGMCU_DisableDBGStandbyMode
                0x00000000       0x10 Drivers\STM32L0xx_HAL_Driver\Src\stm32l0xx_hal.o
 .text.HAL_DBGMCU_DBG_EnableLowPowerConfig
                0x00000000       0x10 Drivers\STM32L0xx_HAL_Driver\Src\stm32l0xx_hal.o
 .text.HAL_DBGMCU_DBG_DisableLowPowerConfig
                0x00000000       0x10 Drivers\STM32L0xx_HAL_Driver\Src\stm32l0xx_hal.o
 .text.HAL_SYSCFG_GetBootMode
                0x00000000       0x10 Drivers\STM32L0xx_HAL_Driver\Src\stm32l0xx_hal.o
 .text.HAL_SYSCFG_VREFINT_OutputSelect
                0x00000000       0x18 Drivers\STM32L0xx_HAL_Driver\Src\stm32l0xx_hal.o
 .text.HAL_SYSCFG_Enable_Lock_VREFINT
                0x00000000       0x14 Drivers\STM32L0xx_HAL_Driver\Src\stm32l0xx_hal.o
 .text.HAL_SYSCFG_Disable_Lock_VREFINT
                0x00000000       0x10 Drivers\STM32L0xx_HAL_Driver\Src\stm32l0xx_hal.o
 .text          0x00000000        0x0 Drivers\STM32L0xx_HAL_Driver\Src\stm32l0xx_hal_cortex.o
 .data          0x00000000        0x0 Drivers\STM32L0xx_HAL_Driver\Src\stm32l0xx_hal_cortex.o
 .bss           0x00000000        0x0 Drivers\STM32L0xx_HAL_Driver\Src\stm32l0xx_hal_cortex.o
 .text.HAL_NVIC_SystemReset
                0x00000000       0x1c Drivers\STM32L0xx_HAL_Driver\Src\stm32l0xx_hal_cortex.o
 .text.HAL_NVIC_GetPriority
                0x00000000       0x44 Drivers\STM32L0xx_HAL_Driver\Src\stm32l0xx_hal_cortex.o
 .text.HAL_NVIC_SetPendingIRQ
                0x00000000       0x14 Drivers\STM32L0xx_HAL_Driver\Src\stm32l0xx_hal_cortex.o
 .text.HAL_NVIC_GetPendingIRQ
                0x00000000       0x18 Drivers\STM32L0xx_HAL_Driver\Src\stm32l0xx_hal_cortex.o
 .text.HAL_NVIC_ClearPendingIRQ
                0x00000000       0x18 Drivers\STM32L0xx_HAL_Driver\Src\stm32l0xx_hal_cortex.o
 .text.HAL_SYSTICK_CLKSourceConfig
                0x00000000       0x1c Drivers\STM32L0xx_HAL_Driver\Src\stm32l0xx_hal_cortex.o
 .text.HAL_SYSTICK_Callback
                0x00000000        0x2 Drivers\STM32L0xx_HAL_Driver\Src\stm32l0xx_hal_cortex.o
 .text.HAL_SYSTICK_IRQHandler
                0x00000000        0x8 Drivers\STM32L0xx_HAL_Driver\Src\stm32l0xx_hal_cortex.o
 .text.HAL_MPU_Disable
                0x00000000       0x10 Drivers\STM32L0xx_HAL_Driver\Src\stm32l0xx_hal_cortex.o
 .text.HAL_MPU_Enable
                0x00000000       0x18 Drivers\STM32L0xx_HAL_Driver\Src\stm32l0xx_hal_cortex.o
 .text.HAL_MPU_ConfigRegion
                0x00000000       0x50 Drivers\STM32L0xx_HAL_Driver\Src\stm32l0xx_hal_cortex.o
 .text          0x00000000        0x0 Drivers\STM32L0xx_HAL_Driver\Src\stm32l0xx_hal_dma.o
 .data          0x00000000        0x0 Drivers\STM32L0xx_HAL_Driver\Src\stm32l0xx_hal_dma.o
 .bss           0x00000000        0x0 Drivers\STM32L0xx_HAL_Driver\Src\stm32l0xx_hal_dma.o
 .text.HAL_DMA_Init
                0x00000000       0x88 Drivers\STM32L0xx_HAL_Driver\Src\stm32l0xx_hal_dma.o
 .text.HAL_DMA_DeInit
                0x00000000       0x60 Drivers\STM32L0xx_HAL_Driver\Src\stm32l0xx_hal_dma.o
 .text.HAL_DMA_Start
                0x00000000       0x60 Drivers\STM32L0xx_HAL_Driver\Src\stm32l0xx_hal_dma.o
 .text.HAL_DMA_Start_IT
                0x00000000       0x7e Drivers\STM32L0xx_HAL_Driver\Src\stm32l0xx_hal_dma.o
 .text.HAL_DMA_Abort
                0x00000000       0x40 Drivers\STM32L0xx_HAL_Driver\Src\stm32l0xx_hal_dma.o
 .text.HAL_DMA_Abort_IT
                0x00000000       0x4a Drivers\STM32L0xx_HAL_Driver\Src\stm32l0xx_hal_dma.o
 .text.HAL_DMA_PollForTransfer
                0x00000000       0xca Drivers\STM32L0xx_HAL_Driver\Src\stm32l0xx_hal_dma.o
 .text.HAL_DMA_IRQHandler
                0x00000000       0x96 Drivers\STM32L0xx_HAL_Driver\Src\stm32l0xx_hal_dma.o
 .text.HAL_DMA_RegisterCallback
                0x00000000       0x44 Drivers\STM32L0xx_HAL_Driver\Src\stm32l0xx_hal_dma.o
 .text.HAL_DMA_UnRegisterCallback
                0x00000000       0x4e Drivers\STM32L0xx_HAL_Driver\Src\stm32l0xx_hal_dma.o
 .text.HAL_DMA_GetState
                0x00000000        0x8 Drivers\STM32L0xx_HAL_Driver\Src\stm32l0xx_hal_dma.o
 .text.HAL_DMA_GetError
                0x00000000        0x4 Drivers\STM32L0xx_HAL_Driver\Src\stm32l0xx_hal_dma.o
 .debug_info    0x00000000      0x813 Drivers\STM32L0xx_HAL_Driver\Src\stm32l0xx_hal_dma.o
 .debug_abbrev  0x00000000      0x1fe Drivers\STM32L0xx_HAL_Driver\Src\stm32l0xx_hal_dma.o
 .debug_loc     0x00000000      0x79c Drivers\STM32L0xx_HAL_Driver\Src\stm32l0xx_hal_dma.o
 .debug_aranges
                0x00000000       0x78 Drivers\STM32L0xx_HAL_Driver\Src\stm32l0xx_hal_dma.o
 .debug_ranges  0x00000000       0xa8 Drivers\STM32L0xx_HAL_Driver\Src\stm32l0xx_hal_dma.o
 .debug_line    0x00000000      0x4a0 Drivers\STM32L0xx_HAL_Driver\Src\stm32l0xx_hal_dma.o
 .debug_str     0x00000000      0x6a3 Drivers\STM32L0xx_HAL_Driver\Src\stm32l0xx_hal_dma.o
 .comment       0x00000000       0x7d Drivers\STM32L0xx_HAL_Driver\Src\stm32l0xx_hal_dma.o
 .debug_frame   0x00000000      0x164 Drivers\STM32L0xx_HAL_Driver\Src\stm32l0xx_hal_dma.o
 .ARM.attributes
                0x00000000       0x32 Drivers\STM32L0xx_HAL_Driver\Src\stm32l0xx_hal_dma.o
 .text          0x00000000        0x0 Drivers\STM32L0xx_HAL_Driver\Src\stm32l0xx_hal_flash.o
 .data          0x00000000        0x0 Drivers\STM32L0xx_HAL_Driver\Src\stm32l0xx_hal_flash.o
 .bss           0x00000000        0x0 Drivers\STM32L0xx_HAL_Driver\Src\stm32l0xx_hal_flash.o
 .text.FLASH_SetErrorCode
                0x00000000       0xa8 Drivers\STM32L0xx_HAL_Driver\Src\stm32l0xx_hal_flash.o
 .text.HAL_FLASH_Program_IT
                0x00000000       0x38 Drivers\STM32L0xx_HAL_Driver\Src\stm32l0xx_hal_flash.o
 .text.HAL_FLASH_EndOfOperationCallback
                0x00000000        0x2 Drivers\STM32L0xx_HAL_Driver\Src\stm32l0xx_hal_flash.o
 .text.HAL_FLASH_OperationErrorCallback
                0x00000000        0x2 Drivers\STM32L0xx_HAL_Driver\Src\stm32l0xx_hal_flash.o
 .text.HAL_FLASH_IRQHandler
                0x00000000       0xe0 Drivers\STM32L0xx_HAL_Driver\Src\stm32l0xx_hal_flash.o
 .text.HAL_FLASH_Unlock
                0x00000000       0x5c Drivers\STM32L0xx_HAL_Driver\Src\stm32l0xx_hal_flash.o
 .text.HAL_FLASH_Lock
                0x00000000       0x1c Drivers\STM32L0xx_HAL_Driver\Src\stm32l0xx_hal_flash.o
 .text.HAL_FLASH_OB_Unlock
                0x00000000       0x44 Drivers\STM32L0xx_HAL_Driver\Src\stm32l0xx_hal_flash.o
 .text.HAL_FLASH_OB_Lock
                0x00000000       0x14 Drivers\STM32L0xx_HAL_Driver\Src\stm32l0xx_hal_flash.o
 .text.HAL_FLASH_GetError
                0x00000000        0xc Drivers\STM32L0xx_HAL_Driver\Src\stm32l0xx_hal_flash.o
 .text.FLASH_WaitForLastOperation
                0x00000000       0x74 Drivers\STM32L0xx_HAL_Driver\Src\stm32l0xx_hal_flash.o
 .text.HAL_FLASH_Program
                0x00000000       0x38 Drivers\STM32L0xx_HAL_Driver\Src\stm32l0xx_hal_flash.o
 .text.HAL_FLASH_OB_Launch
                0x00000000       0x20 Drivers\STM32L0xx_HAL_Driver\Src\stm32l0xx_hal_flash.o
 .debug_info    0x00000000      0x6a6 Drivers\STM32L0xx_HAL_Driver\Src\stm32l0xx_hal_flash.o
 .debug_abbrev  0x00000000      0x323 Drivers\STM32L0xx_HAL_Driver\Src\stm32l0xx_hal_flash.o
 .debug_loc     0x00000000      0x1bd Drivers\STM32L0xx_HAL_Driver\Src\stm32l0xx_hal_flash.o
 .debug_aranges
                0x00000000       0x78 Drivers\STM32L0xx_HAL_Driver\Src\stm32l0xx_hal_flash.o
 .debug_ranges  0x00000000       0x68 Drivers\STM32L0xx_HAL_Driver\Src\stm32l0xx_hal_flash.o
 .debug_line    0x00000000      0x448 Drivers\STM32L0xx_HAL_Driver\Src\stm32l0xx_hal_flash.o
 .debug_str     0x00000000      0x529 Drivers\STM32L0xx_HAL_Driver\Src\stm32l0xx_hal_flash.o
 .comment       0x00000000       0x7d Drivers\STM32L0xx_HAL_Driver\Src\stm32l0xx_hal_flash.o
 .debug_frame   0x00000000      0x128 Drivers\STM32L0xx_HAL_Driver\Src\stm32l0xx_hal_flash.o
 .ARM.attributes
                0x00000000       0x32 Drivers\STM32L0xx_HAL_Driver\Src\stm32l0xx_hal_flash.o
 COMMON         0x00000000       0x18 Drivers\STM32L0xx_HAL_Driver\Src\stm32l0xx_hal_flash.o
 .text          0x00000000        0x0 Drivers\STM32L0xx_HAL_Driver\Src\stm32l0xx_hal_flash_ex.o
 .data          0x00000000        0x0 Drivers\STM32L0xx_HAL_Driver\Src\stm32l0xx_hal_flash_ex.o
 .bss           0x00000000        0x0 Drivers\STM32L0xx_HAL_Driver\Src\stm32l0xx_hal_flash_ex.o
 .text.FLASH_OB_ProtectedSectorsConfig
                0x00000000       0x58 Drivers\STM32L0xx_HAL_Driver\Src\stm32l0xx_hal_flash_ex.o
 .text.HAL_FLASHEx_OBProgram
                0x00000000      0x114 Drivers\STM32L0xx_HAL_Driver\Src\stm32l0xx_hal_flash_ex.o
 .text.HAL_FLASHEx_OBGetConfig
                0x00000000       0x38 Drivers\STM32L0xx_HAL_Driver\Src\stm32l0xx_hal_flash_ex.o
 .text.HAL_FLASHEx_AdvOBProgram
                0x00000000       0x16 Drivers\STM32L0xx_HAL_Driver\Src\stm32l0xx_hal_flash_ex.o
 .text.HAL_FLASHEx_AdvOBGetConfig
                0x00000000       0x18 Drivers\STM32L0xx_HAL_Driver\Src\stm32l0xx_hal_flash_ex.o
 .text.HAL_FLASHEx_OB_SelectPCROP
                0x00000000       0x38 Drivers\STM32L0xx_HAL_Driver\Src\stm32l0xx_hal_flash_ex.o
 .text.HAL_FLASHEx_OB_DeSelectPCROP
                0x00000000       0x34 Drivers\STM32L0xx_HAL_Driver\Src\stm32l0xx_hal_flash_ex.o
 .text.HAL_FLASHEx_DATAEEPROM_Unlock
                0x00000000       0x30 Drivers\STM32L0xx_HAL_Driver\Src\stm32l0xx_hal_flash_ex.o
 .text.HAL_FLASHEx_DATAEEPROM_Lock
                0x00000000       0x14 Drivers\STM32L0xx_HAL_Driver\Src\stm32l0xx_hal_flash_ex.o
 .text.HAL_FLASHEx_DATAEEPROM_Erase
                0x00000000       0x24 Drivers\STM32L0xx_HAL_Driver\Src\stm32l0xx_hal_flash_ex.o
 .text.HAL_FLASHEx_DATAEEPROM_Program
                0x00000000       0x54 Drivers\STM32L0xx_HAL_Driver\Src\stm32l0xx_hal_flash_ex.o
 .text.HAL_FLASHEx_DATAEEPROM_EnableFixedTimeProgram
                0x00000000       0x14 Drivers\STM32L0xx_HAL_Driver\Src\stm32l0xx_hal_flash_ex.o
 .text.HAL_FLASHEx_DATAEEPROM_DisableFixedTimeProgram
                0x00000000       0x14 Drivers\STM32L0xx_HAL_Driver\Src\stm32l0xx_hal_flash_ex.o
 .text.FLASH_PageErase
                0x00000000       0x2c Drivers\STM32L0xx_HAL_Driver\Src\stm32l0xx_hal_flash_ex.o
 .text.HAL_FLASHEx_Erase
                0x00000000       0x78 Drivers\STM32L0xx_HAL_Driver\Src\stm32l0xx_hal_flash_ex.o
 .text.HAL_FLASHEx_Erase_IT
                0x00000000       0x5c Drivers\STM32L0xx_HAL_Driver\Src\stm32l0xx_hal_flash_ex.o
 .debug_info    0x00000000      0xd08 Drivers\STM32L0xx_HAL_Driver\Src\stm32l0xx_hal_flash_ex.o
 .debug_abbrev  0x00000000      0x337 Drivers\STM32L0xx_HAL_Driver\Src\stm32l0xx_hal_flash_ex.o
 .debug_loc     0x00000000      0x9c4 Drivers\STM32L0xx_HAL_Driver\Src\stm32l0xx_hal_flash_ex.o
 .debug_aranges
                0x00000000       0x98 Drivers\STM32L0xx_HAL_Driver\Src\stm32l0xx_hal_flash_ex.o
 .debug_ranges  0x00000000      0x108 Drivers\STM32L0xx_HAL_Driver\Src\stm32l0xx_hal_flash_ex.o
 .debug_line    0x00000000      0x56a Drivers\STM32L0xx_HAL_Driver\Src\stm32l0xx_hal_flash_ex.o
 .debug_str     0x00000000      0x807 Drivers\STM32L0xx_HAL_Driver\Src\stm32l0xx_hal_flash_ex.o
 .comment       0x00000000       0x7d Drivers\STM32L0xx_HAL_Driver\Src\stm32l0xx_hal_flash_ex.o
 .debug_frame   0x00000000      0x18c Drivers\STM32L0xx_HAL_Driver\Src\stm32l0xx_hal_flash_ex.o
 .ARM.attributes
                0x00000000       0x32 Drivers\STM32L0xx_HAL_Driver\Src\stm32l0xx_hal_flash_ex.o
 .text          0x00000000        0x0 Drivers\STM32L0xx_HAL_Driver\Src\stm32l0xx_hal_flash_ramfunc.o
 .data          0x00000000        0x0 Drivers\STM32L0xx_HAL_Driver\Src\stm32l0xx_hal_flash_ramfunc.o
 .bss           0x00000000        0x0 Drivers\STM32L0xx_HAL_Driver\Src\stm32l0xx_hal_flash_ramfunc.o
 .RamFunc       0x00000000      0x1ac Drivers\STM32L0xx_HAL_Driver\Src\stm32l0xx_hal_flash_ramfunc.o
 .debug_info    0x00000000      0x41d Drivers\STM32L0xx_HAL_Driver\Src\stm32l0xx_hal_flash_ramfunc.o
 .debug_abbrev  0x00000000      0x1db Drivers\STM32L0xx_HAL_Driver\Src\stm32l0xx_hal_flash_ramfunc.o
 .debug_loc     0x00000000      0x11a Drivers\STM32L0xx_HAL_Driver\Src\stm32l0xx_hal_flash_ramfunc.o
 .debug_aranges
                0x00000000       0x40 Drivers\STM32L0xx_HAL_Driver\Src\stm32l0xx_hal_flash_ramfunc.o
 .debug_ranges  0x00000000       0x30 Drivers\STM32L0xx_HAL_Driver\Src\stm32l0xx_hal_flash_ramfunc.o
 .debug_line    0x00000000      0x2bb Drivers\STM32L0xx_HAL_Driver\Src\stm32l0xx_hal_flash_ramfunc.o
 .debug_str     0x00000000      0x458 Drivers\STM32L0xx_HAL_Driver\Src\stm32l0xx_hal_flash_ramfunc.o
 .comment       0x00000000       0x7d Drivers\STM32L0xx_HAL_Driver\Src\stm32l0xx_hal_flash_ramfunc.o
 .debug_frame   0x00000000       0x78 Drivers\STM32L0xx_HAL_Driver\Src\stm32l0xx_hal_flash_ramfunc.o
 .ARM.attributes
                0x00000000       0x32 Drivers\STM32L0xx_HAL_Driver\Src\stm32l0xx_hal_flash_ramfunc.o
 .text          0x00000000        0x0 Drivers\STM32L0xx_HAL_Driver\Src\stm32l0xx_hal_gpio.o
 .data          0x00000000        0x0 Drivers\STM32L0xx_HAL_Driver\Src\stm32l0xx_hal_gpio.o
 .bss           0x00000000        0x0 Drivers\STM32L0xx_HAL_Driver\Src\stm32l0xx_hal_gpio.o
 .text.HAL_GPIO_DeInit
                0x00000000       0xf8 Drivers\STM32L0xx_HAL_Driver\Src\stm32l0xx_hal_gpio.o
 .text.HAL_GPIO_ReadPin
                0x00000000        0xc Drivers\STM32L0xx_HAL_Driver\Src\stm32l0xx_hal_gpio.o
 .text.HAL_GPIO_TogglePin
                0x00000000        0x8 Drivers\STM32L0xx_HAL_Driver\Src\stm32l0xx_hal_gpio.o
 .text.HAL_GPIO_LockPin
                0x00000000       0x28 Drivers\STM32L0xx_HAL_Driver\Src\stm32l0xx_hal_gpio.o
 .text.HAL_GPIO_EXTI_Callback
                0x00000000        0x2 Drivers\STM32L0xx_HAL_Driver\Src\stm32l0xx_hal_gpio.o
 .text          0x00000000        0x0 Drivers\STM32L0xx_HAL_Driver\Src\stm32l0xx_hal_i2c.o
 .data          0x00000000        0x0 Drivers\STM32L0xx_HAL_Driver\Src\stm32l0xx_hal_i2c.o
 .bss           0x00000000        0x0 Drivers\STM32L0xx_HAL_Driver\Src\stm32l0xx_hal_i2c.o
 .text.I2C_Enable_IRQ
                0x00000000       0x68 Drivers\STM32L0xx_HAL_Driver\Src\stm32l0xx_hal_i2c.o
 .text.I2C_Disable_IRQ
                0x00000000       0x5e Drivers\STM32L0xx_HAL_Driver\Src\stm32l0xx_hal_i2c.o
 .text.I2C_ConvertOtherXferOptions
                0x00000000       0x1c Drivers\STM32L0xx_HAL_Driver\Src\stm32l0xx_hal_i2c.o
 .text.I2C_RequestMemoryWrite
                0x00000000       0x64 Drivers\STM32L0xx_HAL_Driver\Src\stm32l0xx_hal_i2c.o
 .text.I2C_RequestMemoryRead
                0x00000000       0x64 Drivers\STM32L0xx_HAL_Driver\Src\stm32l0xx_hal_i2c.o
 .text.HAL_I2C_MspInit
                0x00000000        0x2 Drivers\STM32L0xx_HAL_Driver\Src\stm32l0xx_hal_i2c.o
 .text.HAL_I2C_MspDeInit
                0x00000000        0x2 Drivers\STM32L0xx_HAL_Driver\Src\stm32l0xx_hal_i2c.o
 .text.HAL_I2C_DeInit
                0x00000000       0x34 Drivers\STM32L0xx_HAL_Driver\Src\stm32l0xx_hal_i2c.o
 .text.HAL_I2C_Slave_Transmit
                0x00000000      0x14c Drivers\STM32L0xx_HAL_Driver\Src\stm32l0xx_hal_i2c.o
 .text.HAL_I2C_Slave_Receive
                0x00000000      0x150 Drivers\STM32L0xx_HAL_Driver\Src\stm32l0xx_hal_i2c.o
 .text.HAL_I2C_Master_Transmit_IT
                0x00000000       0x90 Drivers\STM32L0xx_HAL_Driver\Src\stm32l0xx_hal_i2c.o
 .text.HAL_I2C_Master_Receive_IT
                0x00000000       0x90 Drivers\STM32L0xx_HAL_Driver\Src\stm32l0xx_hal_i2c.o
 .text.HAL_I2C_Slave_Transmit_IT
                0x00000000       0x5c Drivers\STM32L0xx_HAL_Driver\Src\stm32l0xx_hal_i2c.o
 .text.HAL_I2C_Slave_Receive_IT
                0x00000000       0x5c Drivers\STM32L0xx_HAL_Driver\Src\stm32l0xx_hal_i2c.o
 .text.HAL_I2C_Master_Transmit_DMA
                0x00000000      0x138 Drivers\STM32L0xx_HAL_Driver\Src\stm32l0xx_hal_i2c.o
 .text.HAL_I2C_Master_Receive_DMA
                0x00000000      0x13c Drivers\STM32L0xx_HAL_Driver\Src\stm32l0xx_hal_i2c.o
 .text.HAL_I2C_Slave_Transmit_DMA
                0x00000000       0xdc Drivers\STM32L0xx_HAL_Driver\Src\stm32l0xx_hal_i2c.o
 .text.HAL_I2C_Slave_Receive_DMA
                0x00000000       0xe4 Drivers\STM32L0xx_HAL_Driver\Src\stm32l0xx_hal_i2c.o
 .text.HAL_I2C_Mem_Write
                0x00000000      0x170 Drivers\STM32L0xx_HAL_Driver\Src\stm32l0xx_hal_i2c.o
 .text.HAL_I2C_Mem_Read
                0x00000000      0x17c Drivers\STM32L0xx_HAL_Driver\Src\stm32l0xx_hal_i2c.o
 .text.HAL_I2C_Mem_Write_IT
                0x00000000       0xd8 Drivers\STM32L0xx_HAL_Driver\Src\stm32l0xx_hal_i2c.o
 .text.HAL_I2C_Mem_Read_IT
                0x00000000       0xdc Drivers\STM32L0xx_HAL_Driver\Src\stm32l0xx_hal_i2c.o
 .text.HAL_I2C_Mem_Write_DMA
                0x00000000      0x14c Drivers\STM32L0xx_HAL_Driver\Src\stm32l0xx_hal_i2c.o
 .text.HAL_I2C_Mem_Read_DMA
                0x00000000      0x154 Drivers\STM32L0xx_HAL_Driver\Src\stm32l0xx_hal_i2c.o
 .text.HAL_I2C_IsDeviceReady
                0x00000000      0x124 Drivers\STM32L0xx_HAL_Driver\Src\stm32l0xx_hal_i2c.o
 .text.HAL_I2C_Master_Seq_Transmit_IT
                0x00000000       0xa8 Drivers\STM32L0xx_HAL_Driver\Src\stm32l0xx_hal_i2c.o
 .text.HAL_I2C_Master_Seq_Transmit_DMA
                0x00000000      0x154 Drivers\STM32L0xx_HAL_Driver\Src\stm32l0xx_hal_i2c.o
 .text.HAL_I2C_Master_Seq_Receive_IT
                0x00000000       0xa8 Drivers\STM32L0xx_HAL_Driver\Src\stm32l0xx_hal_i2c.o
 .text.HAL_I2C_Master_Seq_Receive_DMA
                0x00000000      0x154 Drivers\STM32L0xx_HAL_Driver\Src\stm32l0xx_hal_i2c.o
 .text.HAL_I2C_Slave_Seq_Transmit_IT
                0x00000000       0xcc Drivers\STM32L0xx_HAL_Driver\Src\stm32l0xx_hal_i2c.o
 .text.HAL_I2C_Slave_Seq_Transmit_DMA
                0x00000000      0x17c Drivers\STM32L0xx_HAL_Driver\Src\stm32l0xx_hal_i2c.o
 .text.HAL_I2C_Slave_Seq_Receive_IT
                0x00000000       0xd0 Drivers\STM32L0xx_HAL_Driver\Src\stm32l0xx_hal_i2c.o
 .text.HAL_I2C_Slave_Seq_Receive_DMA
                0x00000000      0x178 Drivers\STM32L0xx_HAL_Driver\Src\stm32l0xx_hal_i2c.o
 .text.HAL_I2C_EnableListen_IT
                0x00000000       0x28 Drivers\STM32L0xx_HAL_Driver\Src\stm32l0xx_hal_i2c.o
 .text.HAL_I2C_DisableListen_IT
                0x00000000       0x32 Drivers\STM32L0xx_HAL_Driver\Src\stm32l0xx_hal_i2c.o
 .text.HAL_I2C_Master_Abort_IT
                0x00000000       0x60 Drivers\STM32L0xx_HAL_Driver\Src\stm32l0xx_hal_i2c.o
 .text.HAL_I2C_EV_IRQHandler
                0x00000000       0x12 Drivers\STM32L0xx_HAL_Driver\Src\stm32l0xx_hal_i2c.o
 .text.HAL_I2C_MasterTxCpltCallback
                0x00000000        0x2 Drivers\STM32L0xx_HAL_Driver\Src\stm32l0xx_hal_i2c.o
 .text.HAL_I2C_MasterRxCpltCallback
                0x00000000        0x2 Drivers\STM32L0xx_HAL_Driver\Src\stm32l0xx_hal_i2c.o
 .text.I2C_ITMasterSeqCplt
                0x00000000       0x48 Drivers\STM32L0xx_HAL_Driver\Src\stm32l0xx_hal_i2c.o
 .text.HAL_I2C_SlaveTxCpltCallback
                0x00000000        0x2 Drivers\STM32L0xx_HAL_Driver\Src\stm32l0xx_hal_i2c.o
 .text.HAL_I2C_SlaveRxCpltCallback
                0x00000000        0x2 Drivers\STM32L0xx_HAL_Driver\Src\stm32l0xx_hal_i2c.o
 .text.I2C_ITSlaveSeqCplt
                0x00000000       0x52 Drivers\STM32L0xx_HAL_Driver\Src\stm32l0xx_hal_i2c.o
 .text.I2C_DMASlaveTransmitCplt
                0x00000000       0x24 Drivers\STM32L0xx_HAL_Driver\Src\stm32l0xx_hal_i2c.o
 .text.I2C_DMASlaveReceiveCplt
                0x00000000       0x30 Drivers\STM32L0xx_HAL_Driver\Src\stm32l0xx_hal_i2c.o
 .text.HAL_I2C_AddrCallback
                0x00000000        0x2 Drivers\STM32L0xx_HAL_Driver\Src\stm32l0xx_hal_i2c.o
 .text.I2C_ITAddrCplt.isra.8
                0x00000000       0x90 Drivers\STM32L0xx_HAL_Driver\Src\stm32l0xx_hal_i2c.o
 .text.HAL_I2C_ListenCpltCallback
                0x00000000        0x2 Drivers\STM32L0xx_HAL_Driver\Src\stm32l0xx_hal_i2c.o
 .text.I2C_ITListenCplt
                0x00000000       0x68 Drivers\STM32L0xx_HAL_Driver\Src\stm32l0xx_hal_i2c.o
 .text.HAL_I2C_MemTxCpltCallback
                0x00000000        0x2 Drivers\STM32L0xx_HAL_Driver\Src\stm32l0xx_hal_i2c.o
 .text.HAL_I2C_MemRxCpltCallback
                0x00000000        0x2 Drivers\STM32L0xx_HAL_Driver\Src\stm32l0xx_hal_i2c.o
 .text.HAL_I2C_ErrorCallback
                0x00000000        0x2 Drivers\STM32L0xx_HAL_Driver\Src\stm32l0xx_hal_i2c.o
 .text.HAL_I2C_AbortCpltCallback
                0x00000000        0x2 Drivers\STM32L0xx_HAL_Driver\Src\stm32l0xx_hal_i2c.o
 .text.I2C_ITError
                0x00000000       0xe4 Drivers\STM32L0xx_HAL_Driver\Src\stm32l0xx_hal_i2c.o
 .text.I2C_ITSlaveCplt
                0x00000000       0xf4 Drivers\STM32L0xx_HAL_Driver\Src\stm32l0xx_hal_i2c.o
 .text.I2C_Slave_ISR_IT
                0x00000000      0x124 Drivers\STM32L0xx_HAL_Driver\Src\stm32l0xx_hal_i2c.o
 .text.I2C_ITMasterCplt
                0x00000000       0xb4 Drivers\STM32L0xx_HAL_Driver\Src\stm32l0xx_hal_i2c.o
 .text.I2C_Master_ISR_IT
                0x00000000      0x12c Drivers\STM32L0xx_HAL_Driver\Src\stm32l0xx_hal_i2c.o
 .text.I2C_Slave_ISR_DMA
                0x00000000       0xe0 Drivers\STM32L0xx_HAL_Driver\Src\stm32l0xx_hal_i2c.o
 .text.I2C_Master_ISR_DMA
                0x00000000      0x110 Drivers\STM32L0xx_HAL_Driver\Src\stm32l0xx_hal_i2c.o
 .text.I2C_DMAError
                0x00000000       0x18 Drivers\STM32L0xx_HAL_Driver\Src\stm32l0xx_hal_i2c.o
 .text.I2C_DMAMasterTransmitCplt
                0x00000000       0x50 Drivers\STM32L0xx_HAL_Driver\Src\stm32l0xx_hal_i2c.o
 .text.I2C_DMAMasterReceiveCplt
                0x00000000       0x50 Drivers\STM32L0xx_HAL_Driver\Src\stm32l0xx_hal_i2c.o
 .text.HAL_I2C_ER_IRQHandler
                0x00000000       0x58 Drivers\STM32L0xx_HAL_Driver\Src\stm32l0xx_hal_i2c.o
 .text.I2C_DMAAbort
                0x00000000       0x28 Drivers\STM32L0xx_HAL_Driver\Src\stm32l0xx_hal_i2c.o
 .text.HAL_I2C_GetState
                0x00000000        0x8 Drivers\STM32L0xx_HAL_Driver\Src\stm32l0xx_hal_i2c.o
 .text.HAL_I2C_GetMode
                0x00000000        0x8 Drivers\STM32L0xx_HAL_Driver\Src\stm32l0xx_hal_i2c.o
 .text.HAL_I2C_GetError
                0x00000000        0x4 Drivers\STM32L0xx_HAL_Driver\Src\stm32l0xx_hal_i2c.o
 .text          0x00000000        0x0 Drivers\STM32L0xx_HAL_Driver\Src\stm32l0xx_hal_i2c_ex.o
 .data          0x00000000        0x0 Drivers\STM32L0xx_HAL_Driver\Src\stm32l0xx_hal_i2c_ex.o
 .bss           0x00000000        0x0 Drivers\STM32L0xx_HAL_Driver\Src\stm32l0xx_hal_i2c_ex.o
 .text.HAL_I2CEx_EnableWakeUp
                0x00000000       0x42 Drivers\STM32L0xx_HAL_Driver\Src\stm32l0xx_hal_i2c_ex.o
 .text.HAL_I2CEx_DisableWakeUp
                0x00000000       0x44 Drivers\STM32L0xx_HAL_Driver\Src\stm32l0xx_hal_i2c_ex.o
 .text.HAL_I2CEx_EnableFastModePlus
                0x00000000       0x1c Drivers\STM32L0xx_HAL_Driver\Src\stm32l0xx_hal_i2c_ex.o
 .text.HAL_I2CEx_DisableFastModePlus
                0x00000000       0x1c Drivers\STM32L0xx_HAL_Driver\Src\stm32l0xx_hal_i2c_ex.o
 .text          0x00000000        0x0 Drivers\STM32L0xx_HAL_Driver\Src\stm32l0xx_hal_pwr.o
 .data          0x00000000        0x0 Drivers\STM32L0xx_HAL_Driver\Src\stm32l0xx_hal_pwr.o
 .bss           0x00000000        0x0 Drivers\STM32L0xx_HAL_Driver\Src\stm32l0xx_hal_pwr.o
 .text.HAL_PWR_DeInit
                0x00000000       0x20 Drivers\STM32L0xx_HAL_Driver\Src\stm32l0xx_hal_pwr.o
 .text.HAL_PWR_EnableBkUpAccess
                0x00000000       0x14 Drivers\STM32L0xx_HAL_Driver\Src\stm32l0xx_hal_pwr.o
 .text.HAL_PWR_DisableBkUpAccess
                0x00000000       0x14 Drivers\STM32L0xx_HAL_Driver\Src\stm32l0xx_hal_pwr.o
 .text.HAL_PWR_ConfigPVD
                0x00000000       0x74 Drivers\STM32L0xx_HAL_Driver\Src\stm32l0xx_hal_pwr.o
 .text.HAL_PWR_EnablePVD
                0x00000000       0x10 Drivers\STM32L0xx_HAL_Driver\Src\stm32l0xx_hal_pwr.o
 .text.HAL_PWR_DisablePVD
                0x00000000       0x10 Drivers\STM32L0xx_HAL_Driver\Src\stm32l0xx_hal_pwr.o
 .text.HAL_PWR_EnableWakeUpPin
                0x00000000       0x10 Drivers\STM32L0xx_HAL_Driver\Src\stm32l0xx_hal_pwr.o
 .text.HAL_PWR_DisableWakeUpPin
                0x00000000       0x10 Drivers\STM32L0xx_HAL_Driver\Src\stm32l0xx_hal_pwr.o
 .text.HAL_PWR_EnterSLEEPMode
                0x00000000       0x34 Drivers\STM32L0xx_HAL_Driver\Src\stm32l0xx_hal_pwr.o
 .text.HAL_PWR_EnterSTOPMode
                0x00000000       0x38 Drivers\STM32L0xx_HAL_Driver\Src\stm32l0xx_hal_pwr.o
 .text.HAL_PWR_EnterSTANDBYMode
                0x00000000       0x20 Drivers\STM32L0xx_HAL_Driver\Src\stm32l0xx_hal_pwr.o
 .text.HAL_PWR_EnableSleepOnExit
                0x00000000       0x10 Drivers\STM32L0xx_HAL_Driver\Src\stm32l0xx_hal_pwr.o
 .text.HAL_PWR_DisableSleepOnExit
                0x00000000       0x10 Drivers\STM32L0xx_HAL_Driver\Src\stm32l0xx_hal_pwr.o
 .text.HAL_PWR_EnableSEVOnPend
                0x00000000       0x10 Drivers\STM32L0xx_HAL_Driver\Src\stm32l0xx_hal_pwr.o
 .text.HAL_PWR_DisableSEVOnPend
                0x00000000       0x10 Drivers\STM32L0xx_HAL_Driver\Src\stm32l0xx_hal_pwr.o
 .text.HAL_PWR_PVDCallback
                0x00000000        0x2 Drivers\STM32L0xx_HAL_Driver\Src\stm32l0xx_hal_pwr.o
 .text.HAL_PWR_PVD_IRQHandler
                0x00000000       0x1c Drivers\STM32L0xx_HAL_Driver\Src\stm32l0xx_hal_pwr.o
 .debug_info    0x00000000      0x676 Drivers\STM32L0xx_HAL_Driver\Src\stm32l0xx_hal_pwr.o
 .debug_abbrev  0x00000000      0x1a6 Drivers\STM32L0xx_HAL_Driver\Src\stm32l0xx_hal_pwr.o
 .debug_loc     0x00000000      0x12e Drivers\STM32L0xx_HAL_Driver\Src\stm32l0xx_hal_pwr.o
 .debug_aranges
                0x00000000       0xa0 Drivers\STM32L0xx_HAL_Driver\Src\stm32l0xx_hal_pwr.o
 .debug_ranges  0x00000000       0x90 Drivers\STM32L0xx_HAL_Driver\Src\stm32l0xx_hal_pwr.o
 .debug_line    0x00000000      0x3ca Drivers\STM32L0xx_HAL_Driver\Src\stm32l0xx_hal_pwr.o
 .debug_str     0x00000000      0x50c Drivers\STM32L0xx_HAL_Driver\Src\stm32l0xx_hal_pwr.o
 .comment       0x00000000       0x7d Drivers\STM32L0xx_HAL_Driver\Src\stm32l0xx_hal_pwr.o
 .debug_frame   0x00000000      0x13c Drivers\STM32L0xx_HAL_Driver\Src\stm32l0xx_hal_pwr.o
 .ARM.attributes
                0x00000000       0x32 Drivers\STM32L0xx_HAL_Driver\Src\stm32l0xx_hal_pwr.o
 .text          0x00000000        0x0 Drivers\STM32L0xx_HAL_Driver\Src\stm32l0xx_hal_pwr_ex.o
 .data          0x00000000        0x0 Drivers\STM32L0xx_HAL_Driver\Src\stm32l0xx_hal_pwr_ex.o
 .bss           0x00000000        0x0 Drivers\STM32L0xx_HAL_Driver\Src\stm32l0xx_hal_pwr_ex.o
 .text.HAL_PWREx_GetVoltageRange
                0x00000000       0x10 Drivers\STM32L0xx_HAL_Driver\Src\stm32l0xx_hal_pwr_ex.o
 .text.HAL_PWREx_EnableFastWakeUp
                0x00000000       0x14 Drivers\STM32L0xx_HAL_Driver\Src\stm32l0xx_hal_pwr_ex.o
 .text.HAL_PWREx_DisableFastWakeUp
                0x00000000       0x14 Drivers\STM32L0xx_HAL_Driver\Src\stm32l0xx_hal_pwr_ex.o
 .text.HAL_PWREx_EnableUltraLowPower
                0x00000000       0x14 Drivers\STM32L0xx_HAL_Driver\Src\stm32l0xx_hal_pwr_ex.o
 .text.HAL_PWREx_DisableUltraLowPower
                0x00000000       0x14 Drivers\STM32L0xx_HAL_Driver\Src\stm32l0xx_hal_pwr_ex.o
 .text.HAL_PWREx_EnableLowPowerRunMode
                0x00000000       0x1c Drivers\STM32L0xx_HAL_Driver\Src\stm32l0xx_hal_pwr_ex.o
 .text.HAL_PWREx_DisableLowPowerRunMode
                0x00000000       0x50 Drivers\STM32L0xx_HAL_Driver\Src\stm32l0xx_hal_pwr_ex.o
 .debug_info    0x00000000      0x219 Drivers\STM32L0xx_HAL_Driver\Src\stm32l0xx_hal_pwr_ex.o
 .debug_abbrev  0x00000000      0x117 Drivers\STM32L0xx_HAL_Driver\Src\stm32l0xx_hal_pwr_ex.o
 .debug_loc     0x00000000       0x2a Drivers\STM32L0xx_HAL_Driver\Src\stm32l0xx_hal_pwr_ex.o
 .debug_aranges
                0x00000000       0x50 Drivers\STM32L0xx_HAL_Driver\Src\stm32l0xx_hal_pwr_ex.o
 .debug_ranges  0x00000000       0x40 Drivers\STM32L0xx_HAL_Driver\Src\stm32l0xx_hal_pwr_ex.o
 .debug_line    0x00000000      0x285 Drivers\STM32L0xx_HAL_Driver\Src\stm32l0xx_hal_pwr_ex.o
 .debug_str     0x00000000      0x34a Drivers\STM32L0xx_HAL_Driver\Src\stm32l0xx_hal_pwr_ex.o
 .comment       0x00000000       0x7d Drivers\STM32L0xx_HAL_Driver\Src\stm32l0xx_hal_pwr_ex.o
 .debug_frame   0x00000000       0x88 Drivers\STM32L0xx_HAL_Driver\Src\stm32l0xx_hal_pwr_ex.o
 .ARM.attributes
                0x00000000       0x32 Drivers\STM32L0xx_HAL_Driver\Src\stm32l0xx_hal_pwr_ex.o
 .text          0x00000000        0x0 Drivers\STM32L0xx_HAL_Driver\Src\stm32l0xx_hal_rcc.o
 .data          0x00000000        0x0 Drivers\STM32L0xx_HAL_Driver\Src\stm32l0xx_hal_rcc.o
 .bss           0x00000000        0x0 Drivers\STM32L0xx_HAL_Driver\Src\stm32l0xx_hal_rcc.o
 .text.HAL_RCC_DeInit
                0x00000000       0xd4 Drivers\STM32L0xx_HAL_Driver\Src\stm32l0xx_hal_rcc.o
 .text.HAL_RCC_MCOConfig
                0x00000000       0x70 Drivers\STM32L0xx_HAL_Driver\Src\stm32l0xx_hal_rcc.o
 .text.HAL_RCC_EnableCSS
                0x00000000       0x14 Drivers\STM32L0xx_HAL_Driver\Src\stm32l0xx_hal_rcc.o
 .text.HAL_RCC_GetHCLKFreq
                0x00000000        0xc Drivers\STM32L0xx_HAL_Driver\Src\stm32l0xx_hal_rcc.o
 .text.HAL_RCC_GetPCLK1Freq
                0x00000000       0x20 Drivers\STM32L0xx_HAL_Driver\Src\stm32l0xx_hal_rcc.o
 .text.HAL_RCC_GetPCLK2Freq
                0x00000000       0x20 Drivers\STM32L0xx_HAL_Driver\Src\stm32l0xx_hal_rcc.o
 .text.HAL_RCC_GetOscConfig
                0x00000000       0xb0 Drivers\STM32L0xx_HAL_Driver\Src\stm32l0xx_hal_rcc.o
 .text.HAL_RCC_GetClockConfig
                0x00000000       0x40 Drivers\STM32L0xx_HAL_Driver\Src\stm32l0xx_hal_rcc.o
 .text.HAL_RCC_CSSCallback
                0x00000000        0x2 Drivers\STM32L0xx_HAL_Driver\Src\stm32l0xx_hal_rcc.o
 .text.HAL_RCC_NMI_IRQHandler
                0x00000000       0x1c Drivers\STM32L0xx_HAL_Driver\Src\stm32l0xx_hal_rcc.o
 .text          0x00000000        0x0 Drivers\STM32L0xx_HAL_Driver\Src\stm32l0xx_hal_rcc_ex.o
 .data          0x00000000        0x0 Drivers\STM32L0xx_HAL_Driver\Src\stm32l0xx_hal_rcc_ex.o
 .bss           0x00000000        0x0 Drivers\STM32L0xx_HAL_Driver\Src\stm32l0xx_hal_rcc_ex.o
 .text.HAL_RCCEx_GetPeriphCLKConfig
                0x00000000       0x74 Drivers\STM32L0xx_HAL_Driver\Src\stm32l0xx_hal_rcc_ex.o
 .text.HAL_RCCEx_GetPeriphCLKFreq
                0x00000000      0x1e0 Drivers\STM32L0xx_HAL_Driver\Src\stm32l0xx_hal_rcc_ex.o
 .text.HAL_RCCEx_EnableLSECSS
                0x00000000       0x14 Drivers\STM32L0xx_HAL_Driver\Src\stm32l0xx_hal_rcc_ex.o
 .text.HAL_RCCEx_DisableLSECSS
                0x00000000       0x1c Drivers\STM32L0xx_HAL_Driver\Src\stm32l0xx_hal_rcc_ex.o
 .text.HAL_RCCEx_EnableLSECSS_IT
                0x00000000       0x30 Drivers\STM32L0xx_HAL_Driver\Src\stm32l0xx_hal_rcc_ex.o
 .text.HAL_RCCEx_LSECSS_Callback
                0x00000000        0x2 Drivers\STM32L0xx_HAL_Driver\Src\stm32l0xx_hal_rcc_ex.o
 .text.HAL_RCCEx_LSECSS_IRQHandler
                0x00000000       0x18 Drivers\STM32L0xx_HAL_Driver\Src\stm32l0xx_hal_rcc_ex.o
 .text.HAL_RCCEx_EnableHSI48_VREFINT
                0x00000000       0x14 Drivers\STM32L0xx_HAL_Driver\Src\stm32l0xx_hal_rcc_ex.o
 .text.HAL_RCCEx_DisableHSI48_VREFINT
                0x00000000       0x14 Drivers\STM32L0xx_HAL_Driver\Src\stm32l0xx_hal_rcc_ex.o
 .text.HAL_RCCEx_CRSConfig
                0x00000000       0x54 Drivers\STM32L0xx_HAL_Driver\Src\stm32l0xx_hal_rcc_ex.o
 .text.HAL_RCCEx_CRSSoftwareSynchronizationGenerate
                0x00000000       0x10 Drivers\STM32L0xx_HAL_Driver\Src\stm32l0xx_hal_rcc_ex.o
 .text.HAL_RCCEx_CRSGetSynchronizationInfo
                0x00000000       0x28 Drivers\STM32L0xx_HAL_Driver\Src\stm32l0xx_hal_rcc_ex.o
 .text.HAL_RCCEx_CRSWaitSynchronization
                0x00000000       0x7c Drivers\STM32L0xx_HAL_Driver\Src\stm32l0xx_hal_rcc_ex.o
 .text.HAL_RCCEx_CRS_SyncOkCallback
                0x00000000        0x2 Drivers\STM32L0xx_HAL_Driver\Src\stm32l0xx_hal_rcc_ex.o
 .text.HAL_RCCEx_CRS_SyncWarnCallback
                0x00000000        0x2 Drivers\STM32L0xx_HAL_Driver\Src\stm32l0xx_hal_rcc_ex.o
 .text.HAL_RCCEx_CRS_ExpectedSyncCallback
                0x00000000        0x2 Drivers\STM32L0xx_HAL_Driver\Src\stm32l0xx_hal_rcc_ex.o
 .text.HAL_RCCEx_CRS_ErrorCallback
                0x00000000        0x2 Drivers\STM32L0xx_HAL_Driver\Src\stm32l0xx_hal_rcc_ex.o
 .text.HAL_RCCEx_CRS_IRQHandler
                0x00000000       0x70 Drivers\STM32L0xx_HAL_Driver\Src\stm32l0xx_hal_rcc_ex.o
 .text          0x00000000        0x0 Drivers\STM32L0xx_HAL_Driver\Src\stm32l0xx_hal_tim.o
 .data          0x00000000        0x0 Drivers\STM32L0xx_HAL_Driver\Src\stm32l0xx_hal_tim.o
 .bss           0x00000000        0x0 Drivers\STM32L0xx_HAL_Driver\Src\stm32l0xx_hal_tim.o
 .debug_info    0x00000000      0x11f Drivers\STM32L0xx_HAL_Driver\Src\stm32l0xx_hal_tim.o
 .debug_abbrev  0x00000000       0x75 Drivers\STM32L0xx_HAL_Driver\Src\stm32l0xx_hal_tim.o
 .debug_aranges
                0x00000000       0x18 Drivers\STM32L0xx_HAL_Driver\Src\stm32l0xx_hal_tim.o
 .debug_line    0x00000000      0x17c Drivers\STM32L0xx_HAL_Driver\Src\stm32l0xx_hal_tim.o
 .debug_str     0x00000000      0x224 Drivers\STM32L0xx_HAL_Driver\Src\stm32l0xx_hal_tim.o
 .comment       0x00000000       0x7d Drivers\STM32L0xx_HAL_Driver\Src\stm32l0xx_hal_tim.o
 .ARM.attributes
                0x00000000       0x32 Drivers\STM32L0xx_HAL_Driver\Src\stm32l0xx_hal_tim.o
 .text          0x00000000        0x0 Drivers\STM32L0xx_HAL_Driver\Src\stm32l0xx_hal_tim_ex.o
 .data          0x00000000        0x0 Drivers\STM32L0xx_HAL_Driver\Src\stm32l0xx_hal_tim_ex.o
 .bss           0x00000000        0x0 Drivers\STM32L0xx_HAL_Driver\Src\stm32l0xx_hal_tim_ex.o
 .debug_info    0x00000000      0x11f Drivers\STM32L0xx_HAL_Driver\Src\stm32l0xx_hal_tim_ex.o
 .debug_abbrev  0x00000000       0x75 Drivers\STM32L0xx_HAL_Driver\Src\stm32l0xx_hal_tim_ex.o
 .debug_aranges
                0x00000000       0x18 Drivers\STM32L0xx_HAL_Driver\Src\stm32l0xx_hal_tim_ex.o
 .debug_line    0x00000000      0x17c Drivers\STM32L0xx_HAL_Driver\Src\stm32l0xx_hal_tim_ex.o
 .debug_str     0x00000000      0x227 Drivers\STM32L0xx_HAL_Driver\Src\stm32l0xx_hal_tim_ex.o
 .comment       0x00000000       0x7d Drivers\STM32L0xx_HAL_Driver\Src\stm32l0xx_hal_tim_ex.o
 .ARM.attributes
                0x00000000       0x32 Drivers\STM32L0xx_HAL_Driver\Src\stm32l0xx_hal_tim_ex.o
 .text          0x00000000        0x0 Src\hr.o
 .data          0x00000000        0x0 Src\hr.o
 .bss           0x00000000        0x0 Src\hr.o
 .text.HR_SHUTDOWN
                0x00000000       0xf0 Src\hr.o
 .text          0x00000000        0x0 Src\main.o
 .data          0x00000000        0x0 Src\main.o
 .bss           0x00000000        0x0 Src\main.o
 .text.Error_Handler
                0x00000000        0x2 Src\main.o
 .text          0x00000000        0x0 Src\stm32l0xx_hal_msp.o
 .data          0x00000000        0x0 Src\stm32l0xx_hal_msp.o
 .bss           0x00000000        0x0 Src\stm32l0xx_hal_msp.o
 .text.HAL_I2C_MspDeInit
                0x00000000       0x30 Src\stm32l0xx_hal_msp.o
 .text          0x00000000        0x0 Src\stm32l0xx_it.o
 .data          0x00000000        0x0 Src\stm32l0xx_it.o
 .bss           0x00000000        0x0 Src\stm32l0xx_it.o
 .text          0x00000000        0x0 Src\syscalls.o
 .data          0x00000000        0x0 Src\syscalls.o
 .bss           0x00000000        0x0 Src\syscalls.o
 .text.initialise_monitor_handles
                0x00000000        0x2 Src\syscalls.o
 .text._getpid  0x00000000        0x4 Src\syscalls.o
 .text._kill    0x00000000       0x10 Src\syscalls.o
 .text._exit    0x00000000        0xc Src\syscalls.o
 .text._read    0x00000000       0x1c Src\syscalls.o
 .text._write   0x00000000       0x1c Src\syscalls.o
 .text._sbrk    0x00000000       0x34 Src\syscalls.o
 .text._close   0x00000000        0x6 Src\syscalls.o
 .text._fstat   0x00000000        0xa Src\syscalls.o
 .text._isatty  0x00000000        0x4 Src\syscalls.o
 .text._lseek   0x00000000        0x4 Src\syscalls.o
 .text._open    0x00000000        0xa Src\syscalls.o
 .text._wait    0x00000000       0x10 Src\syscalls.o
 .text._unlink  0x00000000       0x10 Src\syscalls.o
 .text._times   0x00000000        0x6 Src\syscalls.o
 .text._stat    0x00000000        0xa Src\syscalls.o
 .text._link    0x00000000       0x10 Src\syscalls.o
 .text._fork    0x00000000       0x10 Src\syscalls.o
 .text._execve  0x00000000       0x10 Src\syscalls.o
 .bss.__env     0x00000000        0x4 Src\syscalls.o
 .bss.heap_end.5887
                0x00000000        0x4 Src\syscalls.o
 .data.environ  0x00000000        0x4 Src\syscalls.o
 .debug_info    0x00000000      0xfe1 Src\syscalls.o
 .debug_abbrev  0x00000000      0x2d9 Src\syscalls.o
 .debug_loc     0x00000000      0x45e Src\syscalls.o
 .debug_aranges
                0x00000000       0xb0 Src\syscalls.o
 .debug_ranges  0x00000000       0xa0 Src\syscalls.o
 .debug_line    0x00000000      0x3c6 Src\syscalls.o
 .debug_str     0x00000000      0x86e Src\syscalls.o
 .comment       0x00000000       0x7d Src\syscalls.o
 .debug_frame   0x00000000      0x19c Src\syscalls.o
 .ARM.attributes
                0x00000000       0x32 Src\syscalls.o
 .text          0x00000000        0x0 Src\system_stm32l0xx.o
 .data          0x00000000        0x0 Src\system_stm32l0xx.o
 .bss           0x00000000        0x0 Src\system_stm32l0xx.o
 .text.SystemCoreClockUpdate
                0x00000000       0x9c Src\system_stm32l0xx.o
 .rodata.APBPrescTable
                0x00000000        0x8 Src\system_stm32l0xx.o
 .text          0x00000000       0x14 startup\startup_stm32l053xx.o
 .data          0x00000000        0x0 startup\startup_stm32l053xx.o
 .bss           0x00000000        0x0 startup\startup_stm32l053xx.o
 .text          0x00000000        0x0 c:/program files (x86)/atollic/truestudio for stm32 9.2.0/armtools/bin/../lib/gcc/arm-atollic-eabi/6.3.1/../../../../arm-atollic-eabi/lib/armv6-m\libc_nano.a(lib_a-errno.o)
 .data          0x00000000        0x0 c:/program files (x86)/atollic/truestudio for stm32 9.2.0/armtools/bin/../lib/gcc/arm-atollic-eabi/6.3.1/../../../../arm-atollic-eabi/lib/armv6-m\libc_nano.a(lib_a-errno.o)
 .bss           0x00000000        0x0 c:/program files (x86)/atollic/truestudio for stm32 9.2.0/armtools/bin/../lib/gcc/arm-atollic-eabi/6.3.1/../../../../arm-atollic-eabi/lib/armv6-m\libc_nano.a(lib_a-errno.o)
 .text.__errno  0x00000000        0xc c:/program files (x86)/atollic/truestudio for stm32 9.2.0/armtools/bin/../lib/gcc/arm-atollic-eabi/6.3.1/../../../../arm-atollic-eabi/lib/armv6-m\libc_nano.a(lib_a-errno.o)
 .debug_frame   0x00000000       0x20 c:/program files (x86)/atollic/truestudio for stm32 9.2.0/armtools/bin/../lib/gcc/arm-atollic-eabi/6.3.1/../../../../arm-atollic-eabi/lib/armv6-m\libc_nano.a(lib_a-errno.o)
 .ARM.attributes
                0x00000000       0x2c c:/program files (x86)/atollic/truestudio for stm32 9.2.0/armtools/bin/../lib/gcc/arm-atollic-eabi/6.3.1/../../../../arm-atollic-eabi/lib/armv6-m\libc_nano.a(lib_a-errno.o)
 .text          0x00000000        0x0 c:/program files (x86)/atollic/truestudio for stm32 9.2.0/armtools/bin/../lib/gcc/arm-atollic-eabi/6.3.1/../../../../arm-atollic-eabi/lib/armv6-m\libc_nano.a(lib_a-impure.o)
 .data          0x00000000        0x0 c:/program files (x86)/atollic/truestudio for stm32 9.2.0/armtools/bin/../lib/gcc/arm-atollic-eabi/6.3.1/../../../../arm-atollic-eabi/lib/armv6-m\libc_nano.a(lib_a-impure.o)
 .bss           0x00000000        0x0 c:/program files (x86)/atollic/truestudio for stm32 9.2.0/armtools/bin/../lib/gcc/arm-atollic-eabi/6.3.1/../../../../arm-atollic-eabi/lib/armv6-m\libc_nano.a(lib_a-impure.o)
 .data._impure_ptr
                0x00000000        0x4 c:/program files (x86)/atollic/truestudio for stm32 9.2.0/armtools/bin/../lib/gcc/arm-atollic-eabi/6.3.1/../../../../arm-atollic-eabi/lib/armv6-m\libc_nano.a(lib_a-impure.o)
 .data.impure_data
                0x00000000       0x60 c:/program files (x86)/atollic/truestudio for stm32 9.2.0/armtools/bin/../lib/gcc/arm-atollic-eabi/6.3.1/../../../../arm-atollic-eabi/lib/armv6-m\libc_nano.a(lib_a-impure.o)
 .rodata._global_impure_ptr
                0x00000000        0x4 c:/program files (x86)/atollic/truestudio for stm32 9.2.0/armtools/bin/../lib/gcc/arm-atollic-eabi/6.3.1/../../../../arm-atollic-eabi/lib/armv6-m\libc_nano.a(lib_a-impure.o)
 .ARM.attributes
                0x00000000       0x2c c:/program files (x86)/atollic/truestudio for stm32 9.2.0/armtools/bin/../lib/gcc/arm-atollic-eabi/6.3.1/../../../../arm-atollic-eabi/lib/armv6-m\libc_nano.a(lib_a-impure.o)
 .text          0x00000000        0x0 c:/program files (x86)/atollic/truestudio for stm32 9.2.0/armtools/bin/../lib/gcc/arm-atollic-eabi/6.3.1/../../../../arm-atollic-eabi/lib/armv6-m\libc_nano.a(lib_a-init.o)
 .data          0x00000000        0x0 c:/program files (x86)/atollic/truestudio for stm32 9.2.0/armtools/bin/../lib/gcc/arm-atollic-eabi/6.3.1/../../../../arm-atollic-eabi/lib/armv6-m\libc_nano.a(lib_a-init.o)
 .bss           0x00000000        0x0 c:/program files (x86)/atollic/truestudio for stm32 9.2.0/armtools/bin/../lib/gcc/arm-atollic-eabi/6.3.1/../../../../arm-atollic-eabi/lib/armv6-m\libc_nano.a(lib_a-init.o)
 .text          0x00000000        0x0 c:/program files (x86)/atollic/truestudio for stm32 9.2.0/armtools/bin/../lib/gcc/arm-atollic-eabi/6.3.1/../../../../arm-atollic-eabi/lib/armv6-m\libc_nano.a(lib_a-memcpy-stub.o)
 .data          0x00000000        0x0 c:/program files (x86)/atollic/truestudio for stm32 9.2.0/armtools/bin/../lib/gcc/arm-atollic-eabi/6.3.1/../../../../arm-atollic-eabi/lib/armv6-m\libc_nano.a(lib_a-memcpy-stub.o)
 .bss           0x00000000        0x0 c:/program files (x86)/atollic/truestudio for stm32 9.2.0/armtools/bin/../lib/gcc/arm-atollic-eabi/6.3.1/../../../../arm-atollic-eabi/lib/armv6-m\libc_nano.a(lib_a-memcpy-stub.o)
 .text          0x00000000        0x0 c:/program files (x86)/atollic/truestudio for stm32 9.2.0/armtools/bin/../lib/gcc/arm-atollic-eabi/6.3.1/../../../../arm-atollic-eabi/lib/armv6-m\libc_nano.a(lib_a-memset.o)
 .data          0x00000000        0x0 c:/program files (x86)/atollic/truestudio for stm32 9.2.0/armtools/bin/../lib/gcc/arm-atollic-eabi/6.3.1/../../../../arm-atollic-eabi/lib/armv6-m\libc_nano.a(lib_a-memset.o)
 .bss           0x00000000        0x0 c:/program files (x86)/atollic/truestudio for stm32 9.2.0/armtools/bin/../lib/gcc/arm-atollic-eabi/6.3.1/../../../../arm-atollic-eabi/lib/armv6-m\libc_nano.a(lib_a-memset.o)
 .text          0x00000000       0x14 c:/program files (x86)/atollic/truestudio for stm32 9.2.0/armtools/bin/../lib/gcc/arm-atollic-eabi/6.3.1/armv6-m\libgcc.a(_thumb1_case_uqi.o)
 .data          0x00000000        0x0 c:/program files (x86)/atollic/truestudio for stm32 9.2.0/armtools/bin/../lib/gcc/arm-atollic-eabi/6.3.1/armv6-m\libgcc.a(_thumb1_case_uqi.o)
 .bss           0x00000000        0x0 c:/program files (x86)/atollic/truestudio for stm32 9.2.0/armtools/bin/../lib/gcc/arm-atollic-eabi/6.3.1/armv6-m\libgcc.a(_thumb1_case_uqi.o)
 .ARM.attributes
                0x00000000       0x1e c:/program files (x86)/atollic/truestudio for stm32 9.2.0/armtools/bin/../lib/gcc/arm-atollic-eabi/6.3.1/armv6-m\libgcc.a(_thumb1_case_uqi.o)
 .data          0x00000000        0x0 c:/program files (x86)/atollic/truestudio for stm32 9.2.0/armtools/bin/../lib/gcc/arm-atollic-eabi/6.3.1/armv6-m\libgcc.a(_udivsi3.o)
 .bss           0x00000000        0x0 c:/program files (x86)/atollic/truestudio for stm32 9.2.0/armtools/bin/../lib/gcc/arm-atollic-eabi/6.3.1/armv6-m\libgcc.a(_udivsi3.o)
 .data          0x00000000        0x0 c:/program files (x86)/atollic/truestudio for stm32 9.2.0/armtools/bin/../lib/gcc/arm-atollic-eabi/6.3.1/armv6-m\libgcc.a(_divsi3.o)
 .bss           0x00000000        0x0 c:/program files (x86)/atollic/truestudio for stm32 9.2.0/armtools/bin/../lib/gcc/arm-atollic-eabi/6.3.1/armv6-m\libgcc.a(_divsi3.o)
 .data          0x00000000        0x0 c:/program files (x86)/atollic/truestudio for stm32 9.2.0/armtools/bin/../lib/gcc/arm-atollic-eabi/6.3.1/armv6-m\libgcc.a(_dvmd_tls.o)
 .bss           0x00000000        0x0 c:/program files (x86)/atollic/truestudio for stm32 9.2.0/armtools/bin/../lib/gcc/arm-atollic-eabi/6.3.1/armv6-m\libgcc.a(_dvmd_tls.o)
 .text          0x00000000        0x0 c:/program files (x86)/atollic/truestudio for stm32 9.2.0/armtools/bin/../lib/gcc/arm-atollic-eabi/6.3.1/armv6-m/crtend.o
 .data          0x00000000        0x0 c:/program files (x86)/atollic/truestudio for stm32 9.2.0/armtools/bin/../lib/gcc/arm-atollic-eabi/6.3.1/armv6-m/crtend.o
 .bss           0x00000000        0x0 c:/program files (x86)/atollic/truestudio for stm32 9.2.0/armtools/bin/../lib/gcc/arm-atollic-eabi/6.3.1/armv6-m/crtend.o
 .eh_frame      0x00000000        0x4 c:/program files (x86)/atollic/truestudio for stm32 9.2.0/armtools/bin/../lib/gcc/arm-atollic-eabi/6.3.1/armv6-m/crtend.o
 .ARM.attributes
                0x00000000       0x2c c:/program files (x86)/atollic/truestudio for stm32 9.2.0/armtools/bin/../lib/gcc/arm-atollic-eabi/6.3.1/armv6-m/crtend.o
 .text          0x00000000        0x0 c:/program files (x86)/atollic/truestudio for stm32 9.2.0/armtools/bin/../lib/gcc/arm-atollic-eabi/6.3.1/armv6-m/crtn.o
 .data          0x00000000        0x0 c:/program files (x86)/atollic/truestudio for stm32 9.2.0/armtools/bin/../lib/gcc/arm-atollic-eabi/6.3.1/armv6-m/crtn.o
 .bss           0x00000000        0x0 c:/program files (x86)/atollic/truestudio for stm32 9.2.0/armtools/bin/../lib/gcc/arm-atollic-eabi/6.3.1/armv6-m/crtn.o

Memory Configuration

Name             Origin             Length             Attributes
RAM              0x20000000         0x00002000         xrw
FLASH            0x08000000         0x00010000         xr
*default*        0x00000000         0xffffffff

Linker script and memory map

LOAD c:/program files (x86)/atollic/truestudio for stm32 9.2.0/armtools/bin/../lib/gcc/arm-atollic-eabi/6.3.1/armv6-m/crti.o
LOAD c:/program files (x86)/atollic/truestudio for stm32 9.2.0/armtools/bin/../lib/gcc/arm-atollic-eabi/6.3.1/armv6-m/crtbegin.o
LOAD Drivers\STM32L0xx_HAL_Driver\Src\stm32l0xx_hal.o
LOAD Drivers\STM32L0xx_HAL_Driver\Src\stm32l0xx_hal_cortex.o
LOAD Drivers\STM32L0xx_HAL_Driver\Src\stm32l0xx_hal_dma.o
LOAD Drivers\STM32L0xx_HAL_Driver\Src\stm32l0xx_hal_flash.o
LOAD Drivers\STM32L0xx_HAL_Driver\Src\stm32l0xx_hal_flash_ex.o
LOAD Drivers\STM32L0xx_HAL_Driver\Src\stm32l0xx_hal_flash_ramfunc.o
LOAD Drivers\STM32L0xx_HAL_Driver\Src\stm32l0xx_hal_gpio.o
LOAD Drivers\STM32L0xx_HAL_Driver\Src\stm32l0xx_hal_i2c.o
LOAD Drivers\STM32L0xx_HAL_Driver\Src\stm32l0xx_hal_i2c_ex.o
LOAD Drivers\STM32L0xx_HAL_Driver\Src\stm32l0xx_hal_pwr.o
LOAD Drivers\STM32L0xx_HAL_Driver\Src\stm32l0xx_hal_pwr_ex.o
LOAD Drivers\STM32L0xx_HAL_Driver\Src\stm32l0xx_hal_rcc.o
LOAD Drivers\STM32L0xx_HAL_Driver\Src\stm32l0xx_hal_rcc_ex.o
LOAD Drivers\STM32L0xx_HAL_Driver\Src\stm32l0xx_hal_tim.o
LOAD Drivers\STM32L0xx_HAL_Driver\Src\stm32l0xx_hal_tim_ex.o
LOAD Src\hr.o
LOAD Src\main.o
LOAD Src\stm32l0xx_hal_msp.o
LOAD Src\stm32l0xx_it.o
LOAD Src\syscalls.o
LOAD Src\system_stm32l0xx.o
LOAD startup\startup_stm32l053xx.o
                0x00000080                malloc_getpagesize_P = 0x80
START GROUP
LOAD c:/program files (x86)/atollic/truestudio for stm32 9.2.0/armtools/bin/../lib/gcc/arm-atollic-eabi/6.3.1/../../../../arm-atollic-eabi/lib/armv6-m\libc_nano.a
LOAD c:/program files (x86)/atollic/truestudio for stm32 9.2.0/armtools/bin/../lib/gcc/arm-atollic-eabi/6.3.1/../../../../arm-atollic-eabi/lib/armv6-m\libm.a
END GROUP
START GROUP
LOAD c:/program files (x86)/atollic/truestudio for stm32 9.2.0/armtools/bin/../lib/gcc/arm-atollic-eabi/6.3.1/armv6-m\libgcc.a
LOAD c:/program files (x86)/atollic/truestudio for stm32 9.2.0/armtools/bin/../lib/gcc/arm-atollic-eabi/6.3.1/../../../../arm-atollic-eabi/lib/armv6-m\libc_nano.a
END GROUP
START GROUP
LOAD c:/program files (x86)/atollic/truestudio for stm32 9.2.0/armtools/bin/../lib/gcc/arm-atollic-eabi/6.3.1/armv6-m\libgcc.a
LOAD c:/program files (x86)/atollic/truestudio for stm32 9.2.0/armtools/bin/../lib/gcc/arm-atollic-eabi/6.3.1/../../../../arm-atollic-eabi/lib/armv6-m\libc_nano.a
LOAD c:/program files (x86)/atollic/truestudio for stm32 9.2.0/armtools/bin/../lib/gcc/arm-atollic-eabi/6.3.1/../../../../arm-atollic-eabi/lib/armv6-m\libnosys.a
END GROUP
START GROUP
LOAD c:/program files (x86)/atollic/truestudio for stm32 9.2.0/armtools/bin/../lib/gcc/arm-atollic-eabi/6.3.1/armv6-m\libgcc.a
LOAD c:/program files (x86)/atollic/truestudio for stm32 9.2.0/armtools/bin/../lib/gcc/arm-atollic-eabi/6.3.1/../../../../arm-atollic-eabi/lib/armv6-m\libc_nano.a
LOAD c:/program files (x86)/atollic/truestudio for stm32 9.2.0/armtools/bin/../lib/gcc/arm-atollic-eabi/6.3.1/../../../../arm-atollic-eabi/lib/armv6-m\libnosys.a
END GROUP
LOAD c:/program files (x86)/atollic/truestudio for stm32 9.2.0/armtools/bin/../lib/gcc/arm-atollic-eabi/6.3.1/armv6-m/crtend.o
LOAD c:/program files (x86)/atollic/truestudio for stm32 9.2.0/armtools/bin/../lib/gcc/arm-atollic-eabi/6.3.1/armv6-m/crtn.o
                0x20002000                _estack = 0x20002000
                0x00000200                _Min_Heap_Size = 0x200
                0x00000400                _Min_Stack_Size = 0x400

.isr_vector     0x08000000       0xc0
                0x08000000                . = ALIGN (0x4)
 *(.isr_vector)
 .isr_vector    0x08000000       0xc0 startup\startup_stm32l053xx.o
                0x08000000                g_pfnVectors
                0x080000c0                . = ALIGN (0x4)

.text           0x080000c0     0x1bec
                0x080000c0                . = ALIGN (0x4)
 *(.text)
 .text          0x080000c0       0x48 c:/program files (x86)/atollic/truestudio for stm32 9.2.0/armtools/bin/../lib/gcc/arm-atollic-eabi/6.3.1/armv6-m/crtbegin.o
 .text          0x08000108      0x114 c:/program files (x86)/atollic/truestudio for stm32 9.2.0/armtools/bin/../lib/gcc/arm-atollic-eabi/6.3.1/armv6-m\libgcc.a(_udivsi3.o)
                0x08000108                __aeabi_uidiv
                0x08000108                __udivsi3
                0x08000214                __aeabi_uidivmod
 .text          0x0800021c      0x1d4 c:/program files (x86)/atollic/truestudio for stm32 9.2.0/armtools/bin/../lib/gcc/arm-atollic-eabi/6.3.1/armv6-m\libgcc.a(_divsi3.o)
                0x0800021c                __divsi3
                0x0800021c                __aeabi_idiv
                0x080003e8                __aeabi_idivmod
 .text          0x080003f0        0x4 c:/program files (x86)/atollic/truestudio for stm32 9.2.0/armtools/bin/../lib/gcc/arm-atollic-eabi/6.3.1/armv6-m\libgcc.a(_dvmd_tls.o)
                0x080003f0                __aeabi_idiv0
                0x080003f0                __aeabi_ldiv0
 *(.text*)
 .text.HAL_InitTick
                0x080003f4       0x30 Drivers\STM32L0xx_HAL_Driver\Src\stm32l0xx_hal.o
                0x080003f4                HAL_InitTick
 .text.HAL_Init
                0x08000424       0x28 Drivers\STM32L0xx_HAL_Driver\Src\stm32l0xx_hal.o
                0x08000424                HAL_Init
 .text.HAL_IncTick
                0x0800044c       0x10 Drivers\STM32L0xx_HAL_Driver\Src\stm32l0xx_hal.o
                0x0800044c                HAL_IncTick
 .text.HAL_GetTick
                0x0800045c        0xc Drivers\STM32L0xx_HAL_Driver\Src\stm32l0xx_hal.o
                0x0800045c                HAL_GetTick
 .text.HAL_Delay
                0x08000468       0x1e Drivers\STM32L0xx_HAL_Driver\Src\stm32l0xx_hal.o
                0x08000468                HAL_Delay
 *fill*         0x08000486        0x2 
 .text.HAL_NVIC_SetPriority
                0x08000488       0x60 Drivers\STM32L0xx_HAL_Driver\Src\stm32l0xx_hal_cortex.o
                0x08000488                HAL_NVIC_SetPriority
 .text.HAL_NVIC_EnableIRQ
                0x080004e8       0x14 Drivers\STM32L0xx_HAL_Driver\Src\stm32l0xx_hal_cortex.o
                0x080004e8                HAL_NVIC_EnableIRQ
 .text.HAL_NVIC_DisableIRQ
                0x080004fc       0x14 Drivers\STM32L0xx_HAL_Driver\Src\stm32l0xx_hal_cortex.o
                0x080004fc                HAL_NVIC_DisableIRQ
 .text.HAL_SYSTICK_Config
                0x08000510       0x34 Drivers\STM32L0xx_HAL_Driver\Src\stm32l0xx_hal_cortex.o
                0x08000510                HAL_SYSTICK_Config
 .text.HAL_GPIO_Init
                0x08000544      0x16c Drivers\STM32L0xx_HAL_Driver\Src\stm32l0xx_hal_gpio.o
                0x08000544                HAL_GPIO_Init
 .text.HAL_GPIO_WritePin
                0x080006b0        0xc Drivers\STM32L0xx_HAL_Driver\Src\stm32l0xx_hal_gpio.o
                0x080006b0                HAL_GPIO_WritePin
 .text.HAL_GPIO_EXTI_IRQHandler
                0x080006bc       0x18 Drivers\STM32L0xx_HAL_Driver\Src\stm32l0xx_hal_gpio.o
                0x080006bc                HAL_GPIO_EXTI_IRQHandler
 .text.I2C_Flush_TXDR
                0x080006d4       0x1c Drivers\STM32L0xx_HAL_Driver\Src\stm32l0xx_hal_i2c.o
 .text.I2C_TransferConfig
                0x080006f0       0x2c Drivers\STM32L0xx_HAL_Driver\Src\stm32l0xx_hal_i2c.o
 .text.I2C_WaitOnFlagUntilTimeout
                0x0800071c       0x50 Drivers\STM32L0xx_HAL_Driver\Src\stm32l0xx_hal_i2c.o
 .text.I2C_IsAcknowledgeFailed
                0x0800076c       0x7c Drivers\STM32L0xx_HAL_Driver\Src\stm32l0xx_hal_i2c.o
 .text.I2C_WaitOnTXISFlagUntilTimeout
                0x080007e8       0x54 Drivers\STM32L0xx_HAL_Driver\Src\stm32l0xx_hal_i2c.o
 .text.I2C_WaitOnSTOPFlagUntilTimeout
                0x0800083c       0x50 Drivers\STM32L0xx_HAL_Driver\Src\stm32l0xx_hal_i2c.o
 .text.I2C_WaitOnRXNEFlagUntilTimeout
                0x0800088c       0x80 Drivers\STM32L0xx_HAL_Driver\Src\stm32l0xx_hal_i2c.o
 .text.HAL_I2C_Init
                0x0800090c       0xac Drivers\STM32L0xx_HAL_Driver\Src\stm32l0xx_hal_i2c.o
                0x0800090c                HAL_I2C_Init
 .text.HAL_I2C_Master_Transmit
                0x080009b8      0x12c Drivers\STM32L0xx_HAL_Driver\Src\stm32l0xx_hal_i2c.o
                0x080009b8                HAL_I2C_Master_Transmit
 .text.HAL_I2C_Master_Receive
                0x08000ae4      0x130 Drivers\STM32L0xx_HAL_Driver\Src\stm32l0xx_hal_i2c.o
                0x08000ae4                HAL_I2C_Master_Receive
 .text.HAL_I2CEx_ConfigAnalogFilter
                0x08000c14       0x4c Drivers\STM32L0xx_HAL_Driver\Src\stm32l0xx_hal_i2c_ex.o
                0x08000c14                HAL_I2CEx_ConfigAnalogFilter
 .text.HAL_I2CEx_ConfigDigitalFilter
                0x08000c60       0x48 Drivers\STM32L0xx_HAL_Driver\Src\stm32l0xx_hal_i2c_ex.o
                0x08000c60                HAL_I2CEx_ConfigDigitalFilter
 .text.HAL_RCC_GetSysClockFreq
                0x08000ca8       0x78 Drivers\STM32L0xx_HAL_Driver\Src\stm32l0xx_hal_rcc.o
                0x08000ca8                HAL_RCC_GetSysClockFreq
 .text.HAL_RCC_OscConfig
                0x08000d20      0x508 Drivers\STM32L0xx_HAL_Driver\Src\stm32l0xx_hal_rcc.o
                0x08000d20                HAL_RCC_OscConfig
 .text.HAL_RCC_ClockConfig
                0x08001228      0x170 Drivers\STM32L0xx_HAL_Driver\Src\stm32l0xx_hal_rcc.o
                0x08001228                HAL_RCC_ClockConfig
 .text.HAL_RCCEx_PeriphCLKConfig
                0x08001398      0x1bc Drivers\STM32L0xx_HAL_Driver\Src\stm32l0xx_hal_rcc_ex.o
                0x08001398                HAL_RCCEx_PeriphCLKConfig
 .text.HR_APP_MODE
                0x08001554       0x58 Src\hr.o
                0x08001554                HR_APP_MODE
 .text.HR_MFIO_SET
                0x080015ac       0x40 Src\hr.o
                0x080015ac                HR_MFIO_SET
 .text.HR_INIT  0x080015ec      0x25c Src\hr.o
                0x080015ec                HR_INIT
 .text.HR_READ  0x08001848      0x128 Src\hr.o
                0x08001848                HR_READ
 .text.SystemClock_Config
                0x08001970       0x78 Src\main.o
                0x08001970                SystemClock_Config
 .text.startup.main
                0x080019e8       0xd0 Src\main.o
                0x080019e8                main
 .text.EXTI4_15_IRQHandler
                0x08001ab8        0xc Src\main.o
                0x08001ab8                EXTI4_15_IRQHandler
 .text.HAL_GPIO_EXTI_Callback
                0x08001ac4       0x2a Src\main.o
                0x08001ac4                HAL_GPIO_EXTI_Callback
 *fill*         0x08001aee        0x2 
 .text.HAL_MspInit
                0x08001af0       0x1c Src\stm32l0xx_hal_msp.o
                0x08001af0                HAL_MspInit
 .text.HAL_I2C_MspInit
                0x08001b0c       0x5c Src\stm32l0xx_hal_msp.o
                0x08001b0c                HAL_I2C_MspInit
 .text.NMI_Handler
                0x08001b68        0x2 Src\stm32l0xx_it.o
                0x08001b68                NMI_Handler
 .text.HardFault_Handler
                0x08001b6a        0x2 Src\stm32l0xx_it.o
                0x08001b6a                HardFault_Handler
 .text.SVC_Handler
                0x08001b6c        0x2 Src\stm32l0xx_it.o
                0x08001b6c                SVC_Handler
 .text.PendSV_Handler
                0x08001b6e        0x2 Src\stm32l0xx_it.o
                0x08001b6e                PendSV_Handler
 .text.SysTick_Handler
                0x08001b70        0x8 Src\stm32l0xx_it.o
                0x08001b70                SysTick_Handler
 .text.SystemInit
                0x08001b78       0x5c Src\system_stm32l0xx.o
                0x08001b78                SystemInit
 .text.Reset_Handler
                0x08001bd4       0x50 startup\startup_stm32l053xx.o
                0x08001bd4                Reset_Handler
 .text.Default_Handler
                0x08001c24        0x2 startup\startup_stm32l053xx.o
                0x08001c24                TSC_IRQHandler
                0x08001c24                ADC1_COMP_IRQHandler
                0x08001c24                PVD_IRQHandler
                0x08001c24                I2C1_IRQHandler
                0x08001c24                RCC_CRS_IRQHandler
                0x08001c24                SPI1_IRQHandler
                0x08001c24                TIM6_DAC_IRQHandler
                0x08001c24                EXTI2_3_IRQHandler
                0x08001c24                I2C2_IRQHandler
                0x08001c24                RTC_IRQHandler
                0x08001c24                LCD_IRQHandler
                0x08001c24                DMA1_Channel4_5_6_7_IRQHandler
                0x08001c24                DMA1_Channel1_IRQHandler
                0x08001c24                Default_Handler
                0x08001c24                TIM22_IRQHandler
                0x08001c24                EXTI0_1_IRQHandler
                0x08001c24                USB_IRQHandler
                0x08001c24                SPI2_IRQHandler
                0x08001c24                TIM21_IRQHandler
                0x08001c24                WWDG_IRQHandler
                0x08001c24                TIM2_IRQHandler
                0x08001c24                DMA1_Channel2_3_IRQHandler
                0x08001c24                USART2_IRQHandler
                0x08001c24                FLASH_IRQHandler
                0x08001c24                USART1_IRQHandler
                0x08001c24                RNG_LPUART1_IRQHandler
                0x08001c24                LPTIM1_IRQHandler
 *fill*         0x08001c26        0x2 
 .text.__libc_init_array
                0x08001c28       0x48 c:/program files (x86)/atollic/truestudio for stm32 9.2.0/armtools/bin/../lib/gcc/arm-atollic-eabi/6.3.1/../../../../arm-atollic-eabi/lib/armv6-m\libc_nano.a(lib_a-init.o)
                0x08001c28                __libc_init_array
 .text.memcpy   0x08001c70       0x12 c:/program files (x86)/atollic/truestudio for stm32 9.2.0/armtools/bin/../lib/gcc/arm-atollic-eabi/6.3.1/../../../../arm-atollic-eabi/lib/armv6-m\libc_nano.a(lib_a-memcpy-stub.o)
                0x08001c70                memcpy
 .text.memset   0x08001c82       0x10 c:/program files (x86)/atollic/truestudio for stm32 9.2.0/armtools/bin/../lib/gcc/arm-atollic-eabi/6.3.1/../../../../arm-atollic-eabi/lib/armv6-m\libc_nano.a(lib_a-memset.o)
                0x08001c82                memset
 *(.glue_7)
 .glue_7        0x08001c92        0x0 linker stubs
 *(.glue_7t)
 .glue_7t       0x08001c92        0x0 linker stubs
 *(.eh_frame)
 *fill*         0x08001c92        0x2 
 .eh_frame      0x08001c94        0x0 c:/program files (x86)/atollic/truestudio for stm32 9.2.0/armtools/bin/../lib/gcc/arm-atollic-eabi/6.3.1/armv6-m/crtbegin.o
 *(.init)
 .init          0x08001c94        0x4 c:/program files (x86)/atollic/truestudio for stm32 9.2.0/armtools/bin/../lib/gcc/arm-atollic-eabi/6.3.1/armv6-m/crti.o
                0x08001c94                _init
 .init          0x08001c98        0x8 c:/program files (x86)/atollic/truestudio for stm32 9.2.0/armtools/bin/../lib/gcc/arm-atollic-eabi/6.3.1/armv6-m/crtn.o
 *(.fini)
 .fini          0x08001ca0        0x4 c:/program files (x86)/atollic/truestudio for stm32 9.2.0/armtools/bin/../lib/gcc/arm-atollic-eabi/6.3.1/armv6-m/crti.o
                0x08001ca0                _fini
 .fini          0x08001ca4        0x8 c:/program files (x86)/atollic/truestudio for stm32 9.2.0/armtools/bin/../lib/gcc/arm-atollic-eabi/6.3.1/armv6-m/crtn.o
                0x08001cac                . = ALIGN (0x4)
                0x08001cac                _etext = .

.vfp11_veneer   0x08001cac        0x0
 .vfp11_veneer  0x08001cac        0x0 linker stubs

.v4_bx          0x08001cac        0x0
 .v4_bx         0x08001cac        0x0 linker stubs

.iplt           0x08001cac        0x0
 .iplt          0x08001cac        0x0 c:/program files (x86)/atollic/truestudio for stm32 9.2.0/armtools/bin/../lib/gcc/arm-atollic-eabi/6.3.1/armv6-m/crtbegin.o

.rodata         0x08001cac       0x34
                0x08001cac                . = ALIGN (0x4)
 *(.rodata)
 .rodata        0x08001cac       0x18 Src\hr.o
 *(.rodata*)
 .rodata.AHBPrescTable
                0x08001cc4       0x10 Src\system_stm32l0xx.o
                0x08001cc4                AHBPrescTable
 .rodata.PLLMulTable
                0x08001cd4        0x9 Src\system_stm32l0xx.o
                0x08001cd4                PLLMulTable
                0x08001ce0                . = ALIGN (0x4)
 *fill*         0x08001cdd        0x3 

.rel.dyn        0x08001ce0        0x0
 .rel.iplt      0x08001ce0        0x0 c:/program files (x86)/atollic/truestudio for stm32 9.2.0/armtools/bin/../lib/gcc/arm-atollic-eabi/6.3.1/armv6-m/crtbegin.o

.ARM.extab
 *(.ARM.extab* .gnu.linkonce.armextab.*)

.ARM            0x08001ce0        0x0
                0x08001ce0                __exidx_start = .
 *(.ARM.exidx*)
                0x08001ce0                __exidx_end = .

.preinit_array  0x08001ce0        0x0
                0x08001ce0                PROVIDE (__preinit_array_start, .)
 *(.preinit_array*)
                0x08001ce0                PROVIDE (__preinit_array_end, .)

.init_array     0x08001ce0        0x4
                0x08001ce0                PROVIDE (__init_array_start, .)
 *(SORT(.init_array.*))
 *(.init_array*)
 .init_array    0x08001ce0        0x4 c:/program files (x86)/atollic/truestudio for stm32 9.2.0/armtools/bin/../lib/gcc/arm-atollic-eabi/6.3.1/armv6-m/crtbegin.o
                0x08001ce4                PROVIDE (__init_array_end, .)

.fini_array     0x08001ce4        0x4
                [!provide]                PROVIDE (__fini_array_start, .)
 *(SORT(.fini_array.*))
 *(.fini_array*)
 .fini_array    0x08001ce4        0x4 c:/program files (x86)/atollic/truestudio for stm32 9.2.0/armtools/bin/../lib/gcc/arm-atollic-eabi/6.3.1/armv6-m/crtbegin.o
                [!provide]                PROVIDE (__fini_array_end, .)
                0x08001ce8                _sidata = LOADADDR (.data)

.data           0x20000000        0x4 load address 0x08001ce8
                0x20000000                . = ALIGN (0x4)
                0x20000000                _sdata = .
 *(.data)
 *(.data*)
 .data.SystemCoreClock
                0x20000000        0x4 Src\system_stm32l0xx.o
                0x20000000                SystemCoreClock
                0x20000004                . = ALIGN (0x4)
                0x20000004                _edata = .

.igot.plt       0x20000004        0x0 load address 0x08001cec
 .igot.plt      0x20000004        0x0 c:/program files (x86)/atollic/truestudio for stm32 9.2.0/armtools/bin/../lib/gcc/arm-atollic-eabi/6.3.1/armv6-m/crtbegin.o
                0x20000004                . = ALIGN (0x4)

.bss            0x20000004       0x74 load address 0x08001cec
                0x20000004                _sbss = .
                0x20000004                __bss_start__ = _sbss
 *(.bss)
 .bss           0x20000004       0x1c c:/program files (x86)/atollic/truestudio for stm32 9.2.0/armtools/bin/../lib/gcc/arm-atollic-eabi/6.3.1/armv6-m/crtbegin.o
 *(.bss*)
 .bss.HR_conf   0x20000020        0x1 Src\hr.o
                0x20000020                HR_conf
 .bss.alg_state
                0x20000021        0x1 Src\hr.o
                0x20000021                alg_state
 .bss.alg_status
                0x20000022        0x1 Src\hr.o
                0x20000022                alg_status
 *fill*         0x20000023        0x1 
 .bss.heartrate
                0x20000024        0x2 Src\hr.o
                0x20000024                heartrate
 .bss.spo2      0x20000026        0x2 Src\hr.o
                0x20000026                spo2
 *(COMMON)
 COMMON         0x20000028        0x4 Drivers\STM32L0xx_HAL_Driver\Src\stm32l0xx_hal.o
                0x20000028                uwTick
 COMMON         0x2000002c       0x4c Src\main.o
                0x2000002c                hi2c1
                0x20000078                . = ALIGN (0x4)
                0x20000078                _ebss = .
                0x20000078                __bss_end__ = _ebss

._user_heap_stack
                0x20000078      0x600 load address 0x08001cec
                0x20000078                . = ALIGN (0x4)
                0x20000078                PROVIDE (end, .)
                [!provide]                PROVIDE (_end, .)
                0x20000278                . = (. + _Min_Heap_Size)
 *fill*         0x20000078      0x200 
                0x20000678                . = (. + _Min_Stack_Size)
 *fill*         0x20000278      0x400 
                0x20000678                . = ALIGN (0x4)

/DISCARD/
 libc.a(*)
 libm.a(*)
 libgcc.a(*)

.ARM.attributes
                0x00000000       0x28
 *(.ARM.attributes)
 .ARM.attributes
                0x00000000       0x1e c:/program files (x86)/atollic/truestudio for stm32 9.2.0/armtools/bin/../lib/gcc/arm-atollic-eabi/6.3.1/armv6-m/crti.o
 .ARM.attributes
                0x0000001e       0x2c c:/program files (x86)/atollic/truestudio for stm32 9.2.0/armtools/bin/../lib/gcc/arm-atollic-eabi/6.3.1/armv6-m/crtbegin.o
 .ARM.attributes
                0x0000004a       0x32 Drivers\STM32L0xx_HAL_Driver\Src\stm32l0xx_hal.o
 .ARM.attributes
                0x0000007c       0x32 Drivers\STM32L0xx_HAL_Driver\Src\stm32l0xx_hal_cortex.o
 .ARM.attributes
                0x000000ae       0x32 Drivers\STM32L0xx_HAL_Driver\Src\stm32l0xx_hal_gpio.o
 .ARM.attributes
                0x000000e0       0x32 Drivers\STM32L0xx_HAL_Driver\Src\stm32l0xx_hal_i2c.o
 .ARM.attributes
                0x00000112       0x32 Drivers\STM32L0xx_HAL_Driver\Src\stm32l0xx_hal_i2c_ex.o
 .ARM.attributes
                0x00000144       0x32 Drivers\STM32L0xx_HAL_Driver\Src\stm32l0xx_hal_rcc.o
 .ARM.attributes
                0x00000176       0x32 Drivers\STM32L0xx_HAL_Driver\Src\stm32l0xx_hal_rcc_ex.o
 .ARM.attributes
                0x000001a8       0x32 Src\hr.o
 .ARM.attributes
                0x000001da       0x32 Src\main.o
 .ARM.attributes
                0x0000020c       0x32 Src\stm32l0xx_hal_msp.o
 .ARM.attributes
                0x0000023e       0x32 Src\stm32l0xx_it.o
 .ARM.attributes
                0x00000270       0x32 Src\system_stm32l0xx.o
 .ARM.attributes
                0x000002a2       0x22 startup\startup_stm32l053xx.o
 .ARM.attributes
                0x000002c4       0x2c c:/program files (x86)/atollic/truestudio for stm32 9.2.0/armtools/bin/../lib/gcc/arm-atollic-eabi/6.3.1/../../../../arm-atollic-eabi/lib/armv6-m\libc_nano.a(lib_a-init.o)
 .ARM.attributes
                0x000002f0       0x2c c:/program files (x86)/atollic/truestudio for stm32 9.2.0/armtools/bin/../lib/gcc/arm-atollic-eabi/6.3.1/../../../../arm-atollic-eabi/lib/armv6-m\libc_nano.a(lib_a-memcpy-stub.o)
 .ARM.attributes
                0x0000031c       0x2c c:/program files (x86)/atollic/truestudio for stm32 9.2.0/armtools/bin/../lib/gcc/arm-atollic-eabi/6.3.1/../../../../arm-atollic-eabi/lib/armv6-m\libc_nano.a(lib_a-memset.o)
 .ARM.attributes
                0x00000348       0x1e c:/program files (x86)/atollic/truestudio for stm32 9.2.0/armtools/bin/../lib/gcc/arm-atollic-eabi/6.3.1/armv6-m\libgcc.a(_udivsi3.o)
 .ARM.attributes
                0x00000366       0x1e c:/program files (x86)/atollic/truestudio for stm32 9.2.0/armtools/bin/../lib/gcc/arm-atollic-eabi/6.3.1/armv6-m\libgcc.a(_divsi3.o)
 .ARM.attributes
                0x00000384       0x1e c:/program files (x86)/atollic/truestudio for stm32 9.2.0/armtools/bin/../lib/gcc/arm-atollic-eabi/6.3.1/armv6-m\libgcc.a(_dvmd_tls.o)
 .ARM.attributes
                0x000003a2       0x1e c:/program files (x86)/atollic/truestudio for stm32 9.2.0/armtools/bin/../lib/gcc/arm-atollic-eabi/6.3.1/armv6-m/crtn.o
OUTPUT(HR_Development_CodeV3.elf elf32-littlearm)

.debug_info     0x00000000     0x9e72
 .debug_info    0x00000000      0x865 Drivers\STM32L0xx_HAL_Driver\Src\stm32l0xx_hal.o
 .debug_info    0x00000865      0x9b5 Drivers\STM32L0xx_HAL_Driver\Src\stm32l0xx_hal_cortex.o
 .debug_info    0x0000121a      0x6d2 Drivers\STM32L0xx_HAL_Driver\Src\stm32l0xx_hal_gpio.o
 .debug_info    0x000018ec     0x381b Drivers\STM32L0xx_HAL_Driver\Src\stm32l0xx_hal_i2c.o
 .debug_info    0x00005107      0x8ed Drivers\STM32L0xx_HAL_Driver\Src\stm32l0xx_hal_i2c_ex.o
 .debug_info    0x000059f4      0xbfe Drivers\STM32L0xx_HAL_Driver\Src\stm32l0xx_hal_rcc.o
 .debug_info    0x000065f2      0x8c0 Drivers\STM32L0xx_HAL_Driver\Src\stm32l0xx_hal_rcc_ex.o
 .debug_info    0x00006eb2     0x116a Src\hr.o
 .debug_info    0x0000801c      0xf64 Src\main.o
 .debug_info    0x00008f80      0x947 Src\stm32l0xx_hal_msp.o
 .debug_info    0x000098c7      0x188 Src\stm32l0xx_it.o
 .debug_info    0x00009a4f      0x398 Src\system_stm32l0xx.o
 .debug_info    0x00009de7       0x8b startup\startup_stm32l053xx.o

.debug_abbrev   0x00000000     0x1978
 .debug_abbrev  0x00000000      0x28c Drivers\STM32L0xx_HAL_Driver\Src\stm32l0xx_hal.o
 .debug_abbrev  0x0000028c      0x266 Drivers\STM32L0xx_HAL_Driver\Src\stm32l0xx_hal_cortex.o
 .debug_abbrev  0x000004f2      0x1ca Drivers\STM32L0xx_HAL_Driver\Src\stm32l0xx_hal_gpio.o
 .debug_abbrev  0x000006bc      0x334 Drivers\STM32L0xx_HAL_Driver\Src\stm32l0xx_hal_i2c.o
 .debug_abbrev  0x000009f0      0x1ba Drivers\STM32L0xx_HAL_Driver\Src\stm32l0xx_hal_i2c_ex.o
 .debug_abbrev  0x00000baa      0x2be Drivers\STM32L0xx_HAL_Driver\Src\stm32l0xx_hal_rcc.o
 .debug_abbrev  0x00000e68      0x22a Drivers\STM32L0xx_HAL_Driver\Src\stm32l0xx_hal_rcc_ex.o
 .debug_abbrev  0x00001092      0x243 Src\hr.o
 .debug_abbrev  0x000012d5      0x2c3 Src\main.o
 .debug_abbrev  0x00001598      0x1c9 Src\stm32l0xx_hal_msp.o
 .debug_abbrev  0x00001761       0xf7 Src\stm32l0xx_it.o
 .debug_abbrev  0x00001858      0x10e Src\system_stm32l0xx.o
 .debug_abbrev  0x00001966       0x12 startup\startup_stm32l053xx.o

.debug_loc      0x00000000     0x5133
 .debug_loc     0x00000000      0x13d Drivers\STM32L0xx_HAL_Driver\Src\stm32l0xx_hal.o
 .debug_loc     0x0000013d      0x3ed Drivers\STM32L0xx_HAL_Driver\Src\stm32l0xx_hal_cortex.o
 .debug_loc     0x0000052a      0x2ea Drivers\STM32L0xx_HAL_Driver\Src\stm32l0xx_hal_gpio.o
 .debug_loc     0x00000814     0x3a20 Drivers\STM32L0xx_HAL_Driver\Src\stm32l0xx_hal_i2c.o
 .debug_loc     0x00004234      0x1bc Drivers\STM32L0xx_HAL_Driver\Src\stm32l0xx_hal_i2c_ex.o
 .debug_loc     0x000043f0      0x561 Drivers\STM32L0xx_HAL_Driver\Src\stm32l0xx_hal_rcc.o
 .debug_loc     0x00004951      0x5da Drivers\STM32L0xx_HAL_Driver\Src\stm32l0xx_hal_rcc_ex.o
 .debug_loc     0x00004f2b       0x2c Src\hr.o
 .debug_loc     0x00004f57       0x34 Src\main.o
 .debug_loc     0x00004f8b       0x4d Src\stm32l0xx_hal_msp.o
 .debug_loc     0x00004fd8      0x15b Src\system_stm32l0xx.o

.debug_aranges  0x00000000      0x6a0
 .debug_aranges
                0x00000000       0xf0 Drivers\STM32L0xx_HAL_Driver\Src\stm32l0xx_hal.o
 .debug_aranges
                0x000000f0       0x90 Drivers\STM32L0xx_HAL_Driver\Src\stm32l0xx_hal_cortex.o
 .debug_aranges
                0x00000180       0x58 Drivers\STM32L0xx_HAL_Driver\Src\stm32l0xx_hal_gpio.o
 .debug_aranges
                0x000001d8      0x238 Drivers\STM32L0xx_HAL_Driver\Src\stm32l0xx_hal_i2c.o
 .debug_aranges
                0x00000410       0x48 Drivers\STM32L0xx_HAL_Driver\Src\stm32l0xx_hal_i2c_ex.o
 .debug_aranges
                0x00000458       0x80 Drivers\STM32L0xx_HAL_Driver\Src\stm32l0xx_hal_rcc.o
 .debug_aranges
                0x000004d8       0x98 Drivers\STM32L0xx_HAL_Driver\Src\stm32l0xx_hal_rcc_ex.o
 .debug_aranges
                0x00000570       0x40 Src\hr.o
 .debug_aranges
                0x000005b0       0x40 Src\main.o
 .debug_aranges
                0x000005f0       0x30 Src\stm32l0xx_hal_msp.o
 .debug_aranges
                0x00000620       0x30 Src\stm32l0xx_it.o
 .debug_aranges
                0x00000650       0x28 Src\system_stm32l0xx.o
 .debug_aranges
                0x00000678       0x28 startup\startup_stm32l053xx.o

.debug_ranges   0x00000000      0x7d0
 .debug_ranges  0x00000000       0xe0 Drivers\STM32L0xx_HAL_Driver\Src\stm32l0xx_hal.o
 .debug_ranges  0x000000e0      0x138 Drivers\STM32L0xx_HAL_Driver\Src\stm32l0xx_hal_cortex.o
 .debug_ranges  0x00000218       0x48 Drivers\STM32L0xx_HAL_Driver\Src\stm32l0xx_hal_gpio.o
 .debug_ranges  0x00000260      0x288 Drivers\STM32L0xx_HAL_Driver\Src\stm32l0xx_hal_i2c.o
 .debug_ranges  0x000004e8       0x38 Drivers\STM32L0xx_HAL_Driver\Src\stm32l0xx_hal_i2c_ex.o
 .debug_ranges  0x00000520       0xb8 Drivers\STM32L0xx_HAL_Driver\Src\stm32l0xx_hal_rcc.o
 .debug_ranges  0x000005d8       0xa8 Drivers\STM32L0xx_HAL_Driver\Src\stm32l0xx_hal_rcc_ex.o
 .debug_ranges  0x00000680       0x30 Src\hr.o
 .debug_ranges  0x000006b0       0x90 Src\main.o
 .debug_ranges  0x00000740       0x38 Src\stm32l0xx_hal_msp.o
 .debug_ranges  0x00000778       0x20 Src\stm32l0xx_it.o
 .debug_ranges  0x00000798       0x18 Src\system_stm32l0xx.o
 .debug_ranges  0x000007b0       0x20 startup\startup_stm32l053xx.o

.debug_line     0x00000000     0x42ac
 .debug_line    0x00000000      0x45d Drivers\STM32L0xx_HAL_Driver\Src\stm32l0xx_hal.o
 .debug_line    0x0000045d      0x43a Drivers\STM32L0xx_HAL_Driver\Src\stm32l0xx_hal_cortex.o
 .debug_line    0x00000897      0x3b8 Drivers\STM32L0xx_HAL_Driver\Src\stm32l0xx_hal_gpio.o
 .debug_line    0x00000c4f     0x19f6 Drivers\STM32L0xx_HAL_Driver\Src\stm32l0xx_hal_i2c.o
 .debug_line    0x00002645      0x37a Drivers\STM32L0xx_HAL_Driver\Src\stm32l0xx_hal_i2c_ex.o
 .debug_line    0x000029bf      0x595 Drivers\STM32L0xx_HAL_Driver\Src\stm32l0xx_hal_rcc.o
 .debug_line    0x00002f54      0x55a Drivers\STM32L0xx_HAL_Driver\Src\stm32l0xx_hal_rcc_ex.o
 .debug_line    0x000034ae      0x3fd Src\hr.o
 .debug_line    0x000038ab      0x32d Src\main.o
 .debug_line    0x00003bd8      0x25a Src\stm32l0xx_hal_msp.o
 .debug_line    0x00003e32      0x1c8 Src\stm32l0xx_it.o
 .debug_line    0x00003ffa      0x22f Src\system_stm32l0xx.o
 .debug_line    0x00004229       0x83 startup\startup_stm32l053xx.o

.debug_str      0x00000000     0x239a
 .debug_str     0x00000000      0x797 Drivers\STM32L0xx_HAL_Driver\Src\stm32l0xx_hal.o
                                0x7e9 (size before relaxing)
 .debug_str     0x00000797      0x2e8 Drivers\STM32L0xx_HAL_Driver\Src\stm32l0xx_hal_cortex.o
                                0x76c (size before relaxing)
 .debug_str     0x00000a7f      0x1a9 Drivers\STM32L0xx_HAL_Driver\Src\stm32l0xx_hal_gpio.o
                                0x4bd (size before relaxing)
 .debug_str     0x00000c28      0xcb7 Drivers\STM32L0xx_HAL_Driver\Src\stm32l0xx_hal_i2c.o
                                0xf8b (size before relaxing)
 .debug_str     0x000018df       0xfa Drivers\STM32L0xx_HAL_Driver\Src\stm32l0xx_hal_i2c_ex.o
                                0x895 (size before relaxing)
 .debug_str     0x000019d9      0x323 Drivers\STM32L0xx_HAL_Driver\Src\stm32l0xx_hal_rcc.o
                                0x715 (size before relaxing)
 .debug_str     0x00001cfc      0x43a Drivers\STM32L0xx_HAL_Driver\Src\stm32l0xx_hal_rcc_ex.o
                                0x801 (size before relaxing)
 .debug_str     0x00002136      0x11e Src\hr.o
                                0xa63 (size before relaxing)
 .debug_str     0x00002254       0x7e Src\main.o
                                0xd53 (size before relaxing)
 .debug_str     0x000022d2       0x1b Src\stm32l0xx_hal_msp.o
                                0x82c (size before relaxing)
 .debug_str     0x000022ed       0x5f Src\stm32l0xx_it.o
                                0x257 (size before relaxing)
 .debug_str     0x0000234c       0x4e Src\system_stm32l0xx.o
                                0x30f (size before relaxing)

.comment        0x00000000       0x7c
 .comment       0x00000000       0x7c Drivers\STM32L0xx_HAL_Driver\Src\stm32l0xx_hal.o
                                 0x7d (size before relaxing)
 .comment       0x0000007c       0x7d Drivers\STM32L0xx_HAL_Driver\Src\stm32l0xx_hal_cortex.o
 .comment       0x0000007c       0x7d Drivers\STM32L0xx_HAL_Driver\Src\stm32l0xx_hal_gpio.o
 .comment       0x0000007c       0x7d Drivers\STM32L0xx_HAL_Driver\Src\stm32l0xx_hal_i2c.o
 .comment       0x0000007c       0x7d Drivers\STM32L0xx_HAL_Driver\Src\stm32l0xx_hal_i2c_ex.o
 .comment       0x0000007c       0x7d Drivers\STM32L0xx_HAL_Driver\Src\stm32l0xx_hal_rcc.o
 .comment       0x0000007c       0x7d Drivers\STM32L0xx_HAL_Driver\Src\stm32l0xx_hal_rcc_ex.o
 .comment       0x0000007c       0x7d Src\hr.o
 .comment       0x0000007c       0x7d Src\main.o
 .comment       0x0000007c       0x7d Src\stm32l0xx_hal_msp.o
 .comment       0x0000007c       0x7d Src\stm32l0xx_it.o
 .comment       0x0000007c       0x7d Src\system_stm32l0xx.o

.debug_frame    0x00000000     0x1294
 .debug_frame   0x00000000      0x1f8 Drivers\STM32L0xx_HAL_Driver\Src\stm32l0xx_hal.o
 .debug_frame   0x000001f8      0x11c Drivers\STM32L0xx_HAL_Driver\Src\stm32l0xx_hal_cortex.o
 .debug_frame   0x00000314       0xbc Drivers\STM32L0xx_HAL_Driver\Src\stm32l0xx_hal_gpio.o
 .debug_frame   0x000003d0      0x85c Drivers\STM32L0xx_HAL_Driver\Src\stm32l0xx_hal_i2c.o
 .debug_frame   0x00000c2c       0xa8 Drivers\STM32L0xx_HAL_Driver\Src\stm32l0xx_hal_i2c_ex.o
 .debug_frame   0x00000cd4      0x148 Drivers\STM32L0xx_HAL_Driver\Src\stm32l0xx_hal_rcc.o
 .debug_frame   0x00000e1c      0x18c Drivers\STM32L0xx_HAL_Driver\Src\stm32l0xx_hal_rcc_ex.o
 .debug_frame   0x00000fa8       0xb0 Src\hr.o
 .debug_frame   0x00001058       0x90 Src\main.o
 .debug_frame   0x000010e8       0x54 Src\stm32l0xx_hal_msp.o
 .debug_frame   0x0000113c       0x68 Src\stm32l0xx_it.o
 .debug_frame   0x000011a4       0x3c Src\system_stm32l0xx.o
 .debug_frame   0x000011e0       0x2c c:/program files (x86)/atollic/truestudio for stm32 9.2.0/armtools/bin/../lib/gcc/arm-atollic-eabi/6.3.1/../../../../arm-atollic-eabi/lib/armv6-m\libc_nano.a(lib_a-init.o)
 .debug_frame   0x0000120c       0x28 c:/program files (x86)/atollic/truestudio for stm32 9.2.0/armtools/bin/../lib/gcc/arm-atollic-eabi/6.3.1/../../../../arm-atollic-eabi/lib/armv6-m\libc_nano.a(lib_a-memcpy-stub.o)
 .debug_frame   0x00001234       0x20 c:/program files (x86)/atollic/truestudio for stm32 9.2.0/armtools/bin/../lib/gcc/arm-atollic-eabi/6.3.1/../../../../arm-atollic-eabi/lib/armv6-m\libc_nano.a(lib_a-memset.o)
 .debug_frame   0x00001254       0x20 c:/program files (x86)/atollic/truestudio for stm32 9.2.0/armtools/bin/../lib/gcc/arm-atollic-eabi/6.3.1/armv6-m\libgcc.a(_udivsi3.o)
 .debug_frame   0x00001274       0x20 c:/program files (x86)/atollic/truestudio for stm32 9.2.0/armtools/bin/../lib/gcc/arm-atollic-eabi/6.3.1/armv6-m\libgcc.a(_divsi3.o)
